2022-02-10 15:14:57,753 - root - INFO - TotalSeg: 1
2022-02-10 15:14:57,754 - root - INFO - segment is 1 start time is None endtime is None
2022-02-10 15:14:58,275 - root - INFO - Entering Fire function with parameters RunID:63, Seg:1,
              TargetTmp:1185, Rate:170, HoldMin:0, Window:5
           
2022-02-10 15:14:58,276 - root - INFO - First pass of firing loop - TargetTmp:1185.00,
                          StartTmp:73.40,RampTmp:73.63, TmpDif:1111.60,
                          RampMin:392.33, Steps:4707, StepTmp:0.24,
                          Window:5, StartSec:1644527698, EndSec:1644551237
                       
2022-02-10 15:14:58,276 - root - DEBUG - Entering PID update with parameters SetPoint:73.63, ProcValue:73.40, IMax:90.00, IMin:0.00,
2022-02-10 15:14:58,276 - root - DEBUG -   Window:5, Kp: 20.000, Ki: 0.200, Kd: 0.200
2022-02-10 15:14:58,277 - root - DEBUG - Exiting PID update with parameters Error:0.24, ITerm:0.61, DInput:30.47, Output:0.00
2022-02-10 15:14:58,277 - root - DEBUG - RunID 63, Segment 1 (loop 1) - RunState:Ramp,
                       ReadTmp:73.40, RampTmp:73.63, TargetTmp:1185.00,
                       Output:0.00, CycleOnSec:0.00, RemainTime:6:32:19
                    
2022-02-10 15:14:58,277 - root - INFO - cycleoNsee: 0 and temprise: 73
2022-02-10 15:15:03,784 - root - DEBUG - Writing stats to Firing DB table...
2022-02-10 15:15:03,811 - root - INFO - database writing complete1
2022-02-10 15:15:03,811 - root - INFO - RunState end: Ramp
2022-02-10 15:15:03,812 - root - DEBUG - Entering PID update with parameters SetPoint:73.87, ProcValue:73.40, IMax:90.00, IMin:0.00,
2022-02-10 15:15:03,812 - root - DEBUG -   Window:5, Kp: 20.000, Ki: 0.200, Kd: 0.200
2022-02-10 15:15:03,812 - root - DEBUG - Exiting PID update with parameters Error:0.47, ITerm:0.71, DInput:0.00, Output:10.15
2022-02-10 15:15:03,813 - root - DEBUG - RunID 63, Segment 1 (loop 2) - RunState:Ramp,
                       ReadTmp:73.40, RampTmp:73.87, TargetTmp:1185.00,
                       Output:10.15, CycleOnSec:0.51, RemainTime:6:32:14
                    
2022-02-10 15:15:03,813 - root - INFO - cycleoNsee: 0 and temprise: 75
2022-02-10 15:15:09,319 - root - DEBUG - Writing stats to Firing DB table...
2022-02-10 15:15:09,347 - root - INFO - database writing complete1
2022-02-10 15:15:09,347 - root - INFO - RunState end: Ramp
2022-02-10 15:15:09,347 - root - DEBUG - Entering PID update with parameters SetPoint:74.11, ProcValue:75.94, IMax:90.00, IMin:0.00,
2022-02-10 15:15:09,347 - root - DEBUG -   Window:5, Kp: 20.000, Ki: 0.200, Kd: 0.200
2022-02-10 15:15:09,347 - root - DEBUG - Exiting PID update with parameters Error:-1.83, ITerm:0.34, DInput:2.54, Output:0.00
2022-02-10 15:15:09,348 - root - DEBUG - RunID 63, Segment 1 (loop 3) - RunState:Ramp,
                       ReadTmp:75.94, RampTmp:74.11, TargetTmp:1185.00,
                       Output:0.00, CycleOnSec:0.00, RemainTime:6:32:08
                    
2022-02-10 15:15:09,348 - root - INFO - cycleoNsee: 0 and temprise: 75
2022-02-10 15:15:14,854 - root - DEBUG - Writing stats to Firing DB table...
2022-02-10 15:15:14,914 - root - INFO - database writing complete1
2022-02-10 15:15:14,915 - root - INFO - RunState end: Ramp
2022-02-10 15:15:14,915 - root - DEBUG - Entering PID update with parameters SetPoint:74.34, ProcValue:75.94, IMax:90.00, IMin:0.00,
2022-02-10 15:15:14,916 - root - DEBUG -   Window:5, Kp: 20.000, Ki: 0.200, Kd: 0.200
2022-02-10 15:15:14,916 - root - DEBUG - Exiting PID update with parameters Error:-1.59, ITerm:0.02, DInput:0.00, Output:0.00
2022-02-10 15:15:14,916 - root - DEBUG - RunID 63, Segment 1 (loop 4) - RunState:Ramp,
                       ReadTmp:75.94, RampTmp:74.34, TargetTmp:1185.00,
                       Output:0.00, CycleOnSec:0.00, RemainTime:6:32:03
                    
2022-02-10 15:15:14,917 - root - INFO - cycleoNsee: 0 and temprise: 75
2022-02-10 15:15:20,424 - root - DEBUG - Writing stats to Firing DB table...
2022-02-10 15:15:20,464 - root - INFO - database writing complete1
2022-02-10 15:15:20,465 - root - INFO - RunState end: Ramp
2022-02-10 15:15:20,465 - root - DEBUG - Entering PID update with parameters SetPoint:74.58, ProcValue:75.94, IMax:90.00, IMin:0.00,
2022-02-10 15:15:20,465 - root - DEBUG -   Window:5, Kp: 20.000, Ki: 0.200, Kd: 0.200
2022-02-10 15:15:20,466 - root - DEBUG - Exiting PID update with parameters Error:-1.36, ITerm:0.00, DInput:0.00, Output:0.00
2022-02-10 15:15:20,466 - root - DEBUG - RunID 63, Segment 1 (loop 5) - RunState:Ramp,
                       ReadTmp:75.94, RampTmp:74.58, TargetTmp:1185.00,
                       Output:0.00, CycleOnSec:0.00, RemainTime:6:31:57
                    
2022-02-10 15:15:20,466 - root - INFO - cycleoNsee: 0 and temprise: 75
2022-02-10 15:15:25,981 - root - DEBUG - Writing stats to Firing DB table...
2022-02-10 15:15:26,017 - root - INFO - database writing complete1
2022-02-10 15:15:26,018 - root - INFO - RunState end: Ramp
2022-02-10 15:15:26,018 - root - DEBUG - Entering PID update with parameters SetPoint:74.81, ProcValue:75.94, IMax:90.00, IMin:0.00,
2022-02-10 15:15:26,018 - root - DEBUG -   Window:5, Kp: 20.000, Ki: 0.200, Kd: 0.200
2022-02-10 15:15:26,019 - root - DEBUG - Exiting PID update with parameters Error:-1.12, ITerm:0.00, DInput:0.00, Output:0.00
2022-02-10 15:15:26,019 - root - DEBUG - RunID 63, Segment 1 (loop 6) - RunState:Ramp,
                       ReadTmp:75.94, RampTmp:74.81, TargetTmp:1185.00,
                       Output:0.00, CycleOnSec:0.00, RemainTime:6:31:51
                    
2022-02-10 15:15:26,019 - root - INFO - cycleoNsee: 0 and temprise: 75
2022-02-10 15:15:31,535 - root - DEBUG - Writing stats to Firing DB table...
2022-02-10 15:15:31,570 - root - INFO - database writing complete1
2022-02-10 15:15:31,571 - root - INFO - RunState end: Ramp
2022-02-10 15:15:31,571 - root - DEBUG - Entering PID update with parameters SetPoint:75.05, ProcValue:75.94, IMax:90.00, IMin:0.00,
2022-02-10 15:15:31,571 - root - DEBUG -   Window:5, Kp: 20.000, Ki: 0.200, Kd: 0.200
2022-02-10 15:15:31,572 - root - DEBUG - Exiting PID update with parameters Error:-0.89, ITerm:0.00, DInput:0.00, Output:0.00
2022-02-10 15:15:31,572 - root - DEBUG - RunID 63, Segment 1 (loop 7) - RunState:Ramp,
                       ReadTmp:75.94, RampTmp:75.05, TargetTmp:1185.00,
                       Output:0.00, CycleOnSec:0.00, RemainTime:6:31:46
                    
2022-02-10 15:15:31,572 - root - INFO - cycleoNsee: 0 and temprise: 75
2022-02-10 15:15:37,087 - root - DEBUG - Writing stats to Firing DB table...
2022-02-10 15:15:37,100 - root - INFO - database writing complete1
2022-02-10 15:15:37,101 - root - INFO - RunState end: Ramp
2022-02-10 15:15:37,101 - root - DEBUG - Entering PID update with parameters SetPoint:75.29, ProcValue:75.94, IMax:90.00, IMin:0.00,
2022-02-10 15:15:37,102 - root - DEBUG -   Window:5, Kp: 20.000, Ki: 0.200, Kd: 0.200
2022-02-10 15:15:37,102 - root - DEBUG - Exiting PID update with parameters Error:-0.65, ITerm:0.00, DInput:0.00, Output:0.00
2022-02-10 15:15:37,102 - root - DEBUG - RunID 63, Segment 1 (loop 8) - RunState:Ramp,
                       ReadTmp:75.94, RampTmp:75.29, TargetTmp:1185.00,
                       Output:0.00, CycleOnSec:0.00, RemainTime:6:31:40
                    
2022-02-10 15:15:37,102 - root - INFO - cycleoNsee: 0 and temprise: 75
2022-02-10 15:15:42,614 - root - DEBUG - Writing stats to Firing DB table...
2022-02-10 15:15:42,639 - root - INFO - database writing complete1
2022-02-10 15:15:42,640 - root - INFO - RunState end: Ramp
2022-02-10 15:15:42,640 - root - DEBUG - Entering PID update with parameters SetPoint:75.52, ProcValue:75.94, IMax:90.00, IMin:0.00,
2022-02-10 15:15:42,641 - root - DEBUG -   Window:5, Kp: 20.000, Ki: 0.200, Kd: 0.200
2022-02-10 15:15:42,641 - root - DEBUG - Exiting PID update with parameters Error:-0.41, ITerm:0.00, DInput:0.00, Output:0.00
2022-02-10 15:15:42,641 - root - DEBUG - RunID 63, Segment 1 (loop 9) - RunState:Ramp,
                       ReadTmp:75.94, RampTmp:75.52, TargetTmp:1185.00,
                       Output:0.00, CycleOnSec:0.00, RemainTime:6:31:35
                    
2022-02-10 15:15:42,642 - root - INFO - cycleoNsee: 0 and temprise: 75
2022-02-10 15:15:48,204 - root - DEBUG - Writing stats to Firing DB table...
2022-02-10 15:15:48,255 - root - INFO - database writing complete1
2022-02-10 15:15:48,255 - root - INFO - RunState end: Ramp
2022-02-10 15:15:48,256 - root - DEBUG - Entering PID update with parameters SetPoint:75.76, ProcValue:75.94, IMax:90.00, IMin:0.00,
2022-02-10 15:15:48,256 - root - DEBUG -   Window:5, Kp: 20.000, Ki: 0.200, Kd: 0.200
2022-02-10 15:15:48,256 - root - DEBUG - Exiting PID update with parameters Error:-0.18, ITerm:0.00, DInput:0.00, Output:0.00
2022-02-10 15:15:48,257 - root - DEBUG - RunID 63, Segment 1 (loop 10) - RunState:Ramp,
                       ReadTmp:75.94, RampTmp:75.76, TargetTmp:1185.00,
                       Output:0.00, CycleOnSec:0.00, RemainTime:6:31:29
                    
2022-02-10 15:15:48,257 - root - INFO - cycleoNsee: 0 and temprise: 75
2022-02-10 15:15:53,764 - root - DEBUG - Writing stats to Firing DB table...
2022-02-10 15:15:53,786 - root - INFO - database writing complete1
2022-02-10 15:15:53,787 - root - INFO - RunState end: Ramp
2022-02-10 15:15:53,787 - root - DEBUG - Entering PID update with parameters SetPoint:75.99, ProcValue:75.94, IMax:90.00, IMin:0.00,
2022-02-10 15:15:53,788 - root - DEBUG -   Window:5, Kp: 20.000, Ki: 0.200, Kd: 0.200
2022-02-10 15:15:53,788 - root - DEBUG - Exiting PID update with parameters Error:0.06, ITerm:0.01, DInput:0.00, Output:1.19
2022-02-10 15:15:53,788 - root - DEBUG - RunID 63, Segment 1 (loop 11) - RunState:Ramp,
                       ReadTmp:75.94, RampTmp:75.99, TargetTmp:1185.00,
                       Output:1.19, CycleOnSec:0.06, RemainTime:6:31:24
                    
2022-02-10 15:15:53,789 - root - INFO - cycleoNsee: 0 and temprise: 76
2022-02-10 15:15:59,295 - root - DEBUG - Writing stats to Firing DB table...
2022-02-10 15:15:59,310 - root - INFO - database writing complete1
2022-02-10 15:15:59,311 - root - INFO - RunState end: Ramp
2022-02-10 15:15:59,311 - root - DEBUG - Entering PID update with parameters SetPoint:76.23, ProcValue:76.23, IMax:90.00, IMin:0.00,
2022-02-10 15:15:59,311 - root - DEBUG -   Window:5, Kp: 20.000, Ki: 0.200, Kd: 0.200
2022-02-10 15:15:59,311 - root - DEBUG - Exiting PID update with parameters Error:-0.00, ITerm:0.01, DInput:0.30, Output:0.00
2022-02-10 15:15:59,311 - root - DEBUG - RunID 63, Segment 1 (loop 12) - RunState:Ramp,
                       ReadTmp:76.23, RampTmp:76.23, TargetTmp:1185.00,
                       Output:0.00, CycleOnSec:0.00, RemainTime:6:31:18
                    
2022-02-10 15:15:59,311 - root - INFO - cycleoNsee: 0 and temprise: 76
2022-02-10 15:16:04,818 - root - DEBUG - Writing stats to Firing DB table...
2022-02-10 15:16:04,832 - root - INFO - database writing complete1
2022-02-10 15:16:04,832 - root - INFO - RunState end: Ramp
2022-02-10 15:16:04,832 - root - DEBUG - Entering PID update with parameters SetPoint:76.47, ProcValue:76.23, IMax:90.00, IMin:0.00,
2022-02-10 15:16:04,832 - root - DEBUG -   Window:5, Kp: 20.000, Ki: 0.200, Kd: 0.200
2022-02-10 15:16:04,833 - root - DEBUG - Exiting PID update with parameters Error:0.23, ITerm:0.06, DInput:0.00, Output:4.72
2022-02-10 15:16:04,833 - root - DEBUG - RunID 63, Segment 1 (loop 13) - RunState:Ramp,
                       ReadTmp:76.23, RampTmp:76.47, TargetTmp:1185.00,
                       Output:4.72, CycleOnSec:0.24, RemainTime:6:31:13
                    
2022-02-10 15:16:04,833 - root - INFO - cycleoNsee: 0 and temprise: 77
2022-02-10 15:16:10,340 - root - DEBUG - Writing stats to Firing DB table...
2022-02-10 15:16:10,357 - root - INFO - database writing complete1
2022-02-10 15:16:10,358 - root - INFO - RunState end: Ramp
2022-02-10 15:16:10,358 - root - DEBUG - Entering PID update with parameters SetPoint:76.70, ProcValue:77.41, IMax:90.00, IMin:0.00,
2022-02-10 15:16:10,358 - root - DEBUG -   Window:5, Kp: 20.000, Ki: 0.200, Kd: 0.200
2022-02-10 15:16:10,359 - root - DEBUG - Exiting PID update with parameters Error:-0.71, ITerm:0.00, DInput:1.18, Output:0.00
2022-02-10 15:16:10,359 - root - DEBUG - RunID 63, Segment 1 (loop 14) - RunState:Ramp,
                       ReadTmp:77.41, RampTmp:76.70, TargetTmp:1185.00,
                       Output:0.00, CycleOnSec:0.00, RemainTime:6:31:07
                    
2022-02-10 15:16:10,359 - root - INFO - cycleoNsee: 0 and temprise: 77
2022-02-10 15:16:15,871 - root - DEBUG - Writing stats to Firing DB table...
2022-02-10 15:16:15,895 - root - INFO - database writing complete1
2022-02-10 15:16:15,896 - root - INFO - RunState end: Ramp
2022-02-10 15:16:15,896 - root - DEBUG - Entering PID update with parameters SetPoint:76.94, ProcValue:77.41, IMax:90.00, IMin:0.00,
2022-02-10 15:16:15,897 - root - DEBUG -   Window:5, Kp: 20.000, Ki: 0.200, Kd: 0.200
2022-02-10 15:16:15,897 - root - DEBUG - Exiting PID update with parameters Error:-0.47, ITerm:0.00, DInput:0.00, Output:0.00
2022-02-10 15:16:15,897 - root - DEBUG - RunID 63, Segment 1 (loop 15) - RunState:Ramp,
                       ReadTmp:77.41, RampTmp:76.94, TargetTmp:1185.00,
                       Output:0.00, CycleOnSec:0.00, RemainTime:6:31:02
                    
2022-02-10 15:16:15,898 - root - INFO - cycleoNsee: 0 and temprise: 77
2022-02-10 15:16:21,410 - root - DEBUG - Writing stats to Firing DB table...
2022-02-10 15:16:21,429 - root - INFO - database writing complete1
2022-02-10 15:16:21,430 - root - INFO - RunState end: Ramp
2022-02-10 15:16:21,430 - root - DEBUG - Entering PID update with parameters SetPoint:77.18, ProcValue:77.41, IMax:90.00, IMin:0.00,
2022-02-10 15:16:21,431 - root - DEBUG -   Window:5, Kp: 20.000, Ki: 0.200, Kd: 0.200
2022-02-10 15:16:21,431 - root - DEBUG - Exiting PID update with parameters Error:-0.24, ITerm:0.00, DInput:0.00, Output:0.00
2022-02-10 15:16:21,431 - root - DEBUG - RunID 63, Segment 1 (loop 16) - RunState:Ramp,
                       ReadTmp:77.41, RampTmp:77.18, TargetTmp:1185.00,
                       Output:0.00, CycleOnSec:0.00, RemainTime:6:30:56
                    
2022-02-10 15:16:21,432 - root - INFO - cycleoNsee: 0 and temprise: 77
2022-02-10 15:16:26,939 - root - DEBUG - Writing stats to Firing DB table...
2022-02-10 15:16:26,954 - root - INFO - database writing complete1
2022-02-10 15:16:26,955 - root - INFO - RunState end: Ramp
2022-02-10 15:16:26,955 - root - DEBUG - Entering PID update with parameters SetPoint:77.41, ProcValue:77.41, IMax:90.00, IMin:0.00,
2022-02-10 15:16:26,955 - root - DEBUG -   Window:5, Kp: 20.000, Ki: 0.200, Kd: 0.200
2022-02-10 15:16:26,956 - root - DEBUG - Exiting PID update with parameters Error:-0.00, ITerm:0.00, DInput:0.00, Output:0.00
2022-02-10 15:16:26,956 - root - DEBUG - RunID 63, Segment 1 (loop 17) - RunState:Ramp,
                       ReadTmp:77.41, RampTmp:77.41, TargetTmp:1185.00,
                       Output:0.00, CycleOnSec:0.00, RemainTime:6:30:51
                    
2022-02-10 15:16:26,956 - root - INFO - cycleoNsee: 0 and temprise: 77
2022-02-10 15:16:32,468 - root - DEBUG - Writing stats to Firing DB table...
2022-02-10 15:16:32,482 - root - INFO - database writing complete1
2022-02-10 15:16:32,482 - root - INFO - RunState end: Ramp
2022-02-10 15:16:32,483 - root - DEBUG - Entering PID update with parameters SetPoint:77.65, ProcValue:77.41, IMax:90.00, IMin:0.00,
2022-02-10 15:16:32,483 - root - DEBUG -   Window:5, Kp: 20.000, Ki: 0.200, Kd: 0.200
2022-02-10 15:16:32,483 - root - DEBUG - Exiting PID update with parameters Error:0.23, ITerm:0.05, DInput:0.00, Output:4.72
2022-02-10 15:16:32,484 - root - DEBUG - RunID 63, Segment 1 (loop 18) - RunState:Ramp,
                       ReadTmp:77.41, RampTmp:77.65, TargetTmp:1185.00,
                       Output:4.72, CycleOnSec:0.24, RemainTime:6:30:45
                    
2022-02-10 15:16:32,484 - root - INFO - cycleoNsee: 0 and temprise: 78
2022-02-10 15:16:37,996 - root - DEBUG - Writing stats to Firing DB table...
2022-02-10 15:16:38,015 - root - INFO - database writing complete1
2022-02-10 15:16:38,016 - root - INFO - RunState end: Ramp
2022-02-10 15:16:38,016 - root - DEBUG - Entering PID update with parameters SetPoint:77.88, ProcValue:78.59, IMax:90.00, IMin:0.00,
2022-02-10 15:16:38,017 - root - DEBUG -   Window:5, Kp: 20.000, Ki: 0.200, Kd: 0.200
2022-02-10 15:16:38,017 - root - DEBUG - Exiting PID update with parameters Error:-0.71, ITerm:0.00, DInput:1.18, Output:0.00
2022-02-10 15:16:38,017 - root - DEBUG - RunID 63, Segment 1 (loop 19) - RunState:Ramp,
                       ReadTmp:78.59, RampTmp:77.88, TargetTmp:1185.00,
                       Output:0.00, CycleOnSec:0.00, RemainTime:6:30:39
                    
2022-02-10 15:16:38,018 - root - INFO - cycleoNsee: 0 and temprise: 78
2022-02-10 15:16:43,529 - root - DEBUG - Writing stats to Firing DB table...
2022-02-10 15:16:43,551 - root - INFO - database writing complete1
2022-02-10 15:16:43,551 - root - INFO - RunState end: Ramp
2022-02-10 15:16:43,552 - root - DEBUG - Entering PID update with parameters SetPoint:78.12, ProcValue:78.59, IMax:90.00, IMin:0.00,
2022-02-10 15:16:43,552 - root - DEBUG -   Window:5, Kp: 20.000, Ki: 0.200, Kd: 0.200
2022-02-10 15:16:43,552 - root - DEBUG - Exiting PID update with parameters Error:-0.47, ITerm:0.00, DInput:0.00, Output:0.00
2022-02-10 15:16:43,553 - root - DEBUG - RunID 63, Segment 1 (loop 20) - RunState:Ramp,
                       ReadTmp:78.59, RampTmp:78.12, TargetTmp:1185.00,
                       Output:0.00, CycleOnSec:0.00, RemainTime:6:30:34
                    
2022-02-10 15:16:43,553 - root - INFO - cycleoNsee: 0 and temprise: 78
2022-02-10 15:16:49,060 - root - DEBUG - Writing stats to Firing DB table...
2022-02-10 15:16:49,074 - root - INFO - database writing complete1
2022-02-10 15:16:49,075 - root - INFO - RunState end: Ramp
2022-02-10 15:16:49,075 - root - DEBUG - Entering PID update with parameters SetPoint:78.36, ProcValue:78.59, IMax:90.00, IMin:0.00,
2022-02-10 15:16:49,075 - root - DEBUG -   Window:5, Kp: 20.000, Ki: 0.200, Kd: 0.200
2022-02-10 15:16:49,076 - root - DEBUG - Exiting PID update with parameters Error:-0.24, ITerm:0.00, DInput:0.00, Output:0.00
2022-02-10 15:16:49,076 - root - DEBUG - RunID 63, Segment 1 (loop 21) - RunState:Ramp,
                       ReadTmp:78.59, RampTmp:78.36, TargetTmp:1185.00,
                       Output:0.00, CycleOnSec:0.00, RemainTime:6:30:28
                    
2022-02-10 15:16:49,076 - root - INFO - cycleoNsee: 0 and temprise: 78
2022-02-10 15:16:54,583 - root - DEBUG - Writing stats to Firing DB table...
2022-02-10 15:16:54,596 - root - INFO - database writing complete1
2022-02-10 15:16:54,597 - root - INFO - RunState end: Ramp
2022-02-10 15:16:54,597 - root - DEBUG - Entering PID update with parameters SetPoint:78.59, ProcValue:78.59, IMax:90.00, IMin:0.00,
2022-02-10 15:16:54,597 - root - DEBUG -   Window:5, Kp: 20.000, Ki: 0.200, Kd: 0.200
2022-02-10 15:16:54,597 - root - DEBUG - Exiting PID update with parameters Error:-0.00, ITerm:0.00, DInput:0.00, Output:0.00
2022-02-10 15:16:54,597 - root - DEBUG - RunID 63, Segment 1 (loop 22) - RunState:Ramp,
                       ReadTmp:78.59, RampTmp:78.59, TargetTmp:1185.00,
                       Output:0.00, CycleOnSec:0.00, RemainTime:6:30:23
                    
2022-02-10 15:16:54,598 - root - INFO - cycleoNsee: 0 and temprise: 78
2022-02-10 15:17:00,104 - root - DEBUG - Writing stats to Firing DB table...
2022-02-10 15:17:00,121 - root - INFO - database writing complete1
2022-02-10 15:17:00,122 - root - INFO - RunState end: Ramp
2022-02-10 15:17:00,122 - root - DEBUG - Entering PID update with parameters SetPoint:78.83, ProcValue:78.59, IMax:90.00, IMin:0.00,
2022-02-10 15:17:00,123 - root - DEBUG -   Window:5, Kp: 20.000, Ki: 0.200, Kd: 0.200
2022-02-10 15:17:00,123 - root - DEBUG - Exiting PID update with parameters Error:0.24, ITerm:0.05, DInput:0.00, Output:4.75
2022-02-10 15:17:00,123 - root - DEBUG - RunID 63, Segment 1 (loop 23) - RunState:Ramp,
                       ReadTmp:78.59, RampTmp:78.83, TargetTmp:1185.00,
                       Output:4.75, CycleOnSec:0.24, RemainTime:6:30:17
                    
2022-02-10 15:17:00,124 - root - INFO - cycleoNsee: 0 and temprise: 79
2022-02-10 15:17:05,631 - root - DEBUG - Writing stats to Firing DB table...
2022-02-10 15:17:05,643 - root - INFO - database writing complete1
2022-02-10 15:17:05,644 - root - INFO - RunState end: Ramp
2022-02-10 15:17:05,644 - root - DEBUG - Entering PID update with parameters SetPoint:79.06, ProcValue:79.78, IMax:90.00, IMin:0.00,
2022-02-10 15:17:05,644 - root - DEBUG -   Window:5, Kp: 20.000, Ki: 0.200, Kd: 0.200
2022-02-10 15:17:05,644 - root - DEBUG - Exiting PID update with parameters Error:-0.72, ITerm:0.00, DInput:1.19, Output:0.00
2022-02-10 15:17:05,645 - root - DEBUG - RunID 63, Segment 1 (loop 24) - RunState:Ramp,
                       ReadTmp:79.78, RampTmp:79.06, TargetTmp:1185.00,
                       Output:0.00, CycleOnSec:0.00, RemainTime:6:30:12
                    
2022-02-10 15:17:05,645 - root - INFO - cycleoNsee: 0 and temprise: 79
2022-02-10 15:17:11,157 - root - DEBUG - Writing stats to Firing DB table...
2022-02-10 15:17:11,170 - root - INFO - database writing complete1
2022-02-10 15:17:11,170 - root - INFO - RunState end: Ramp
2022-02-10 15:17:11,171 - root - DEBUG - Entering PID update with parameters SetPoint:79.30, ProcValue:79.78, IMax:90.00, IMin:0.00,
2022-02-10 15:17:11,171 - root - DEBUG -   Window:5, Kp: 20.000, Ki: 0.200, Kd: 0.200
2022-02-10 15:17:11,171 - root - DEBUG - Exiting PID update with parameters Error:-0.48, ITerm:0.00, DInput:0.00, Output:0.00
2022-02-10 15:17:11,172 - root - DEBUG - RunID 63, Segment 1 (loop 25) - RunState:Ramp,
                       ReadTmp:79.78, RampTmp:79.30, TargetTmp:1185.00,
                       Output:0.00, CycleOnSec:0.00, RemainTime:6:30:06
                    
2022-02-10 15:17:11,172 - root - INFO - cycleoNsee: 0 and temprise: 79
2022-02-10 15:17:16,684 - root - DEBUG - Writing stats to Firing DB table...
2022-02-10 15:17:16,697 - root - INFO - database writing complete1
2022-02-10 15:17:16,698 - root - INFO - RunState end: Ramp
2022-02-10 15:17:16,698 - root - DEBUG - Entering PID update with parameters SetPoint:79.54, ProcValue:79.78, IMax:90.00, IMin:0.00,
2022-02-10 15:17:16,698 - root - DEBUG -   Window:5, Kp: 20.000, Ki: 0.200, Kd: 0.200
2022-02-10 15:17:16,699 - root - DEBUG - Exiting PID update with parameters Error:-0.24, ITerm:0.00, DInput:0.00, Output:0.00
2022-02-10 15:17:16,699 - root - DEBUG - RunID 63, Segment 1 (loop 26) - RunState:Ramp,
                       ReadTmp:79.78, RampTmp:79.54, TargetTmp:1185.00,
                       Output:0.00, CycleOnSec:0.00, RemainTime:6:30:01
                    
2022-02-10 15:17:16,699 - root - INFO - cycleoNsee: 0 and temprise: 79
2022-02-10 15:17:22,206 - root - DEBUG - Writing stats to Firing DB table...
2022-02-10 15:17:22,223 - root - INFO - database writing complete1
2022-02-10 15:17:22,224 - root - INFO - RunState end: Ramp
2022-02-10 15:17:22,224 - root - DEBUG - Entering PID update with parameters SetPoint:79.77, ProcValue:79.78, IMax:90.00, IMin:0.00,
2022-02-10 15:17:22,225 - root - DEBUG -   Window:5, Kp: 20.000, Ki: 0.200, Kd: 0.200
2022-02-10 15:17:22,225 - root - DEBUG - Exiting PID update with parameters Error:-0.01, ITerm:0.00, DInput:0.00, Output:0.00
2022-02-10 15:17:22,225 - root - DEBUG - RunID 63, Segment 1 (loop 27) - RunState:Ramp,
                       ReadTmp:79.78, RampTmp:79.77, TargetTmp:1185.00,
                       Output:0.00, CycleOnSec:0.00, RemainTime:6:29:55
                    
2022-02-10 15:17:22,226 - root - INFO - cycleoNsee: 0 and temprise: 79
2022-02-10 15:17:27,728 - root - DEBUG - Writing stats to Firing DB table...
2022-02-10 15:17:27,770 - root - INFO - database writing complete1
2022-02-10 15:17:27,771 - root - INFO - RunState end: Ramp
2022-02-10 15:17:27,771 - root - DEBUG - Entering PID update with parameters SetPoint:80.01, ProcValue:79.78, IMax:90.00, IMin:0.00,
2022-02-10 15:17:27,771 - root - DEBUG -   Window:5, Kp: 20.000, Ki: 0.200, Kd: 0.200
2022-02-10 15:17:27,772 - root - DEBUG - Exiting PID update with parameters Error:0.23, ITerm:0.05, DInput:0.00, Output:4.62
2022-02-10 15:17:27,772 - root - DEBUG - RunID 63, Segment 1 (loop 28) - RunState:Ramp,
                       ReadTmp:79.78, RampTmp:80.01, TargetTmp:1185.00,
                       Output:4.62, CycleOnSec:0.23, RemainTime:6:29:50
                    
2022-02-10 15:17:27,772 - root - INFO - cycleoNsee: 0 and temprise: 80
2022-02-10 15:17:33,279 - root - DEBUG - Writing stats to Firing DB table...
2022-02-10 15:17:33,298 - root - INFO - database writing complete1
2022-02-10 15:17:33,298 - root - INFO - RunState end: Ramp
2022-02-10 15:17:33,299 - root - DEBUG - Entering PID update with parameters SetPoint:80.24, ProcValue:80.93, IMax:90.00, IMin:0.00,
2022-02-10 15:17:33,299 - root - DEBUG -   Window:5, Kp: 20.000, Ki: 0.200, Kd: 0.200
2022-02-10 15:17:33,299 - root - DEBUG - Exiting PID update with parameters Error:-0.69, ITerm:0.00, DInput:1.15, Output:0.00
2022-02-10 15:17:33,300 - root - DEBUG - RunID 63, Segment 1 (loop 29) - RunState:Ramp,
                       ReadTmp:80.93, RampTmp:80.24, TargetTmp:1185.00,
                       Output:0.00, CycleOnSec:0.00, RemainTime:6:29:44
                    
2022-02-10 15:17:33,302 - root - INFO - cycleoNsee: 0 and temprise: 80
2022-02-10 15:17:38,815 - root - DEBUG - Writing stats to Firing DB table...
2022-02-10 15:17:38,829 - root - INFO - database writing complete1
2022-02-10 15:17:38,830 - root - INFO - RunState end: Ramp
2022-02-10 15:17:38,830 - root - DEBUG - Entering PID update with parameters SetPoint:80.48, ProcValue:80.93, IMax:90.00, IMin:0.00,
2022-02-10 15:17:38,830 - root - DEBUG -   Window:5, Kp: 20.000, Ki: 0.200, Kd: 0.200
2022-02-10 15:17:38,830 - root - DEBUG - Exiting PID update with parameters Error:-0.45, ITerm:0.00, DInput:0.00, Output:0.00
2022-02-10 15:17:38,831 - root - DEBUG - RunID 63, Segment 1 (loop 30) - RunState:Ramp,
                       ReadTmp:80.93, RampTmp:80.48, TargetTmp:1185.00,
                       Output:0.00, CycleOnSec:0.00, RemainTime:6:29:39
                    
2022-02-10 15:17:38,831 - root - INFO - cycleoNsee: 0 and temprise: 80
2022-02-10 15:17:44,338 - root - DEBUG - Writing stats to Firing DB table...
2022-02-10 15:17:44,355 - root - INFO - database writing complete1
2022-02-10 15:17:44,356 - root - INFO - RunState end: Ramp
2022-02-10 15:17:44,356 - root - DEBUG - Entering PID update with parameters SetPoint:80.72, ProcValue:80.93, IMax:90.00, IMin:0.00,
2022-02-10 15:17:44,357 - root - DEBUG -   Window:5, Kp: 20.000, Ki: 0.200, Kd: 0.200
2022-02-10 15:17:44,357 - root - DEBUG - Exiting PID update with parameters Error:-0.22, ITerm:0.00, DInput:0.00, Output:0.00
2022-02-10 15:17:44,357 - root - DEBUG - RunID 63, Segment 1 (loop 31) - RunState:Ramp,
                       ReadTmp:80.93, RampTmp:80.72, TargetTmp:1185.00,
                       Output:0.00, CycleOnSec:0.00, RemainTime:6:29:33
                    
2022-02-10 15:17:44,357 - root - INFO - cycleoNsee: 0 and temprise: 80
2022-02-10 15:17:49,864 - root - DEBUG - Writing stats to Firing DB table...
2022-02-10 15:17:49,883 - root - INFO - database writing complete1
2022-02-10 15:17:49,883 - root - INFO - RunState end: Ramp
2022-02-10 15:17:49,883 - root - DEBUG - Entering PID update with parameters SetPoint:80.95, ProcValue:80.93, IMax:90.00, IMin:0.00,
2022-02-10 15:17:49,883 - root - DEBUG -   Window:5, Kp: 20.000, Ki: 0.200, Kd: 0.200
2022-02-10 15:17:49,883 - root - DEBUG - Exiting PID update with parameters Error:0.02, ITerm:0.00, DInput:0.00, Output:0.38
2022-02-10 15:17:49,884 - root - DEBUG - RunID 63, Segment 1 (loop 32) - RunState:Ramp,
                       ReadTmp:80.93, RampTmp:80.95, TargetTmp:1185.00,
                       Output:0.38, CycleOnSec:0.02, RemainTime:6:29:28
                    
2022-02-10 15:17:49,884 - root - INFO - cycleoNsee: 0 and temprise: 81
2022-02-10 15:17:55,391 - root - DEBUG - Writing stats to Firing DB table...
2022-02-10 15:17:55,402 - root - INFO - database writing complete1
2022-02-10 15:17:55,403 - root - INFO - RunState end: Ramp
2022-02-10 15:17:55,403 - root - DEBUG - Entering PID update with parameters SetPoint:81.19, ProcValue:81.03, IMax:90.00, IMin:0.00,
2022-02-10 15:17:55,403 - root - DEBUG -   Window:5, Kp: 20.000, Ki: 0.200, Kd: 0.200
2022-02-10 15:17:55,404 - root - DEBUG - Exiting PID update with parameters Error:0.16, ITerm:0.04, DInput:0.10, Output:3.21
2022-02-10 15:17:55,404 - root - DEBUG - RunID 63, Segment 1 (loop 33) - RunState:Ramp,
                       ReadTmp:81.03, RampTmp:81.19, TargetTmp:1185.00,
                       Output:3.21, CycleOnSec:0.16, RemainTime:6:29:22
                    
2022-02-10 15:17:55,404 - root - INFO - cycleoNsee: 0 and temprise: 81
2022-02-10 15:18:00,908 - root - DEBUG - Writing stats to Firing DB table...
2022-02-10 15:18:00,924 - root - INFO - database writing complete1
2022-02-10 15:18:00,924 - root - INFO - RunState end: Ramp
2022-02-10 15:18:00,925 - root - DEBUG - Entering PID update with parameters SetPoint:81.43, ProcValue:81.83, IMax:90.00, IMin:0.00,
2022-02-10 15:18:00,925 - root - DEBUG -   Window:5, Kp: 20.000, Ki: 0.200, Kd: 0.200
2022-02-10 15:18:00,925 - root - DEBUG - Exiting PID update with parameters Error:-0.41, ITerm:0.00, DInput:0.80, Output:0.00
2022-02-10 15:18:00,926 - root - DEBUG - RunID 63, Segment 1 (loop 34) - RunState:Ramp,
                       ReadTmp:81.83, RampTmp:81.43, TargetTmp:1185.00,
                       Output:0.00, CycleOnSec:0.00, RemainTime:6:29:17
                    
2022-02-10 15:18:00,926 - root - INFO - cycleoNsee: 0 and temprise: 81
2022-02-10 15:18:06,438 - root - DEBUG - Writing stats to Firing DB table...
2022-02-10 15:18:06,450 - root - INFO - database writing complete1
2022-02-10 15:18:06,451 - root - INFO - RunState end: Ramp
2022-02-10 15:18:06,451 - root - DEBUG - Entering PID update with parameters SetPoint:81.66, ProcValue:81.83, IMax:90.00, IMin:0.00,
2022-02-10 15:18:06,451 - root - DEBUG -   Window:5, Kp: 20.000, Ki: 0.200, Kd: 0.200
2022-02-10 15:18:06,452 - root - DEBUG - Exiting PID update with parameters Error:-0.17, ITerm:0.00, DInput:0.00, Output:0.00
2022-02-10 15:18:06,452 - root - DEBUG - RunID 63, Segment 1 (loop 35) - RunState:Ramp,
                       ReadTmp:81.83, RampTmp:81.66, TargetTmp:1185.00,
                       Output:0.00, CycleOnSec:0.00, RemainTime:6:29:11
                    
2022-02-10 15:18:06,452 - root - INFO - cycleoNsee: 0 and temprise: 81
2022-02-10 15:18:11,964 - root - DEBUG - Writing stats to Firing DB table...
2022-02-10 15:18:11,984 - root - INFO - database writing complete1
2022-02-10 15:18:11,985 - root - INFO - RunState end: Ramp
2022-02-10 15:18:11,985 - root - DEBUG - Entering PID update with parameters SetPoint:81.90, ProcValue:81.83, IMax:90.00, IMin:0.00,
2022-02-10 15:18:11,985 - root - DEBUG -   Window:5, Kp: 20.000, Ki: 0.200, Kd: 0.200
2022-02-10 15:18:11,986 - root - DEBUG - Exiting PID update with parameters Error:0.06, ITerm:0.01, DInput:0.00, Output:1.31
2022-02-10 15:18:11,986 - root - DEBUG - RunID 63, Segment 1 (loop 36) - RunState:Ramp,
                       ReadTmp:81.83, RampTmp:81.90, TargetTmp:1185.00,
                       Output:1.31, CycleOnSec:0.07, RemainTime:6:29:06
                    
2022-02-10 15:18:11,986 - root - INFO - cycleoNsee: 0 and temprise: 82
2022-02-10 15:18:17,493 - root - DEBUG - Writing stats to Firing DB table...
2022-02-10 15:18:17,506 - root - INFO - database writing complete1
2022-02-10 15:18:17,507 - root - INFO - RunState end: Ramp
2022-02-10 15:18:17,507 - root - DEBUG - Entering PID update with parameters SetPoint:82.13, ProcValue:82.16, IMax:90.00, IMin:0.00,
2022-02-10 15:18:17,507 - root - DEBUG -   Window:5, Kp: 20.000, Ki: 0.200, Kd: 0.200
2022-02-10 15:18:17,508 - root - DEBUG - Exiting PID update with parameters Error:-0.03, ITerm:0.01, DInput:0.33, Output:0.00
2022-02-10 15:18:17,508 - root - DEBUG - RunID 63, Segment 1 (loop 37) - RunState:Ramp,
                       ReadTmp:82.16, RampTmp:82.13, TargetTmp:1185.00,
                       Output:0.00, CycleOnSec:0.00, RemainTime:6:29:00
                    
2022-02-10 15:18:17,508 - root - INFO - cycleoNsee: 0 and temprise: 82
2022-02-10 15:18:23,015 - root - DEBUG - Writing stats to Firing DB table...
2022-02-10 15:18:23,028 - root - INFO - database writing complete1
2022-02-10 15:18:23,028 - root - INFO - RunState end: Ramp
2022-02-10 15:18:23,029 - root - DEBUG - Entering PID update with parameters SetPoint:82.37, ProcValue:82.16, IMax:90.00, IMin:0.00,
2022-02-10 15:18:23,029 - root - DEBUG -   Window:5, Kp: 20.000, Ki: 0.200, Kd: 0.200
2022-02-10 15:18:23,029 - root - DEBUG - Exiting PID update with parameters Error:0.21, ITerm:0.05, DInput:0.00, Output:4.26
2022-02-10 15:18:23,029 - root - DEBUG - RunID 63, Segment 1 (loop 38) - RunState:Ramp,
                       ReadTmp:82.16, RampTmp:82.37, TargetTmp:1185.00,
                       Output:4.26, CycleOnSec:0.21, RemainTime:6:28:54
                    
2022-02-10 15:18:23,029 - root - INFO - cycleoNsee: 0 and temprise: 83
2022-02-10 15:18:28,536 - root - DEBUG - Writing stats to Firing DB table...
2022-02-10 15:18:28,558 - root - INFO - database writing complete1
2022-02-10 15:18:28,558 - root - INFO - RunState end: Ramp
2022-02-10 15:18:28,559 - root - DEBUG - Entering PID update with parameters SetPoint:82.61, ProcValue:83.22, IMax:90.00, IMin:0.00,
2022-02-10 15:18:28,559 - root - DEBUG -   Window:5, Kp: 20.000, Ki: 0.200, Kd: 0.200
2022-02-10 15:18:28,559 - root - DEBUG - Exiting PID update with parameters Error:-0.62, ITerm:0.00, DInput:1.07, Output:0.00
2022-02-10 15:18:28,560 - root - DEBUG - RunID 63, Segment 1 (loop 39) - RunState:Ramp,
                       ReadTmp:83.22, RampTmp:82.61, TargetTmp:1185.00,
                       Output:0.00, CycleOnSec:0.00, RemainTime:6:28:49
                    
2022-02-10 15:18:28,560 - root - INFO - cycleoNsee: 0 and temprise: 83
2022-02-10 15:18:34,067 - root - DEBUG - Writing stats to Firing DB table...
2022-02-10 15:18:34,085 - root - INFO - database writing complete1
2022-02-10 15:18:34,086 - root - INFO - RunState end: Ramp
2022-02-10 15:18:34,086 - root - DEBUG - Entering PID update with parameters SetPoint:82.84, ProcValue:83.22, IMax:90.00, IMin:0.00,
2022-02-10 15:18:34,087 - root - DEBUG -   Window:5, Kp: 20.000, Ki: 0.200, Kd: 0.200
2022-02-10 15:18:34,087 - root - DEBUG - Exiting PID update with parameters Error:-0.38, ITerm:0.00, DInput:0.00, Output:0.00
2022-02-10 15:18:34,087 - root - DEBUG - RunID 63, Segment 1 (loop 40) - RunState:Ramp,
                       ReadTmp:83.22, RampTmp:82.84, TargetTmp:1185.00,
                       Output:0.00, CycleOnSec:0.00, RemainTime:6:28:43
                    
2022-02-10 15:18:34,088 - root - INFO - cycleoNsee: 0 and temprise: 83
2022-02-10 15:18:39,594 - root - DEBUG - Writing stats to Firing DB table...
2022-02-10 15:18:39,608 - root - INFO - database writing complete1
2022-02-10 15:18:39,609 - root - INFO - RunState end: Ramp
2022-02-10 15:18:39,609 - root - DEBUG - Entering PID update with parameters SetPoint:83.08, ProcValue:83.22, IMax:90.00, IMin:0.00,
2022-02-10 15:18:39,609 - root - DEBUG -   Window:5, Kp: 20.000, Ki: 0.200, Kd: 0.200
2022-02-10 15:18:39,609 - root - DEBUG - Exiting PID update with parameters Error:-0.15, ITerm:0.00, DInput:0.00, Output:0.00
2022-02-10 15:18:39,610 - root - DEBUG - RunID 63, Segment 1 (loop 41) - RunState:Ramp,
                       ReadTmp:83.22, RampTmp:83.08, TargetTmp:1185.00,
                       Output:0.00, CycleOnSec:0.00, RemainTime:6:28:38
                    
2022-02-10 15:18:39,610 - root - INFO - cycleoNsee: 0 and temprise: 83
2022-02-10 15:18:45,116 - root - DEBUG - Writing stats to Firing DB table...
2022-02-10 15:18:45,129 - root - INFO - database writing complete1
2022-02-10 15:18:45,130 - root - INFO - RunState end: Ramp
2022-02-10 15:18:45,130 - root - DEBUG - Entering PID update with parameters SetPoint:83.31, ProcValue:83.22, IMax:90.00, IMin:0.00,
2022-02-10 15:18:45,130 - root - DEBUG -   Window:5, Kp: 20.000, Ki: 0.200, Kd: 0.200
2022-02-10 15:18:45,130 - root - DEBUG - Exiting PID update with parameters Error:0.09, ITerm:0.02, DInput:0.00, Output:1.81
2022-02-10 15:18:45,130 - root - DEBUG - RunID 63, Segment 1 (loop 42) - RunState:Ramp,
                       ReadTmp:83.22, RampTmp:83.31, TargetTmp:1185.00,
                       Output:1.81, CycleOnSec:0.09, RemainTime:6:28:32
                    
2022-02-10 15:18:45,130 - root - INFO - cycleoNsee: 0 and temprise: 83
2022-02-10 15:18:50,645 - root - DEBUG - Writing stats to Firing DB table...
2022-02-10 15:18:50,656 - root - INFO - database writing complete1
2022-02-10 15:18:50,657 - root - INFO - RunState end: Ramp
2022-02-10 15:18:50,658 - root - DEBUG - Entering PID update with parameters SetPoint:83.55, ProcValue:83.68, IMax:90.00, IMin:0.00,
2022-02-10 15:18:50,658 - root - DEBUG -   Window:5, Kp: 20.000, Ki: 0.200, Kd: 0.200
2022-02-10 15:18:50,658 - root - DEBUG - Exiting PID update with parameters Error:-0.13, ITerm:0.00, DInput:0.45, Output:0.00
2022-02-10 15:18:50,658 - root - DEBUG - RunID 63, Segment 1 (loop 43) - RunState:Ramp,
                       ReadTmp:83.68, RampTmp:83.55, TargetTmp:1185.00,
                       Output:0.00, CycleOnSec:0.00, RemainTime:6:28:27
                    
2022-02-10 15:18:50,659 - root - INFO - cycleoNsee: 0 and temprise: 83
2022-02-10 15:18:56,166 - root - DEBUG - Writing stats to Firing DB table...
2022-02-10 15:18:56,186 - root - INFO - database writing complete1
2022-02-10 15:18:56,187 - root - INFO - RunState end: Ramp
2022-02-10 15:18:56,187 - root - DEBUG - Entering PID update with parameters SetPoint:83.79, ProcValue:83.68, IMax:90.00, IMin:0.00,
2022-02-10 15:18:56,187 - root - DEBUG -   Window:5, Kp: 20.000, Ki: 0.200, Kd: 0.200
2022-02-10 15:18:56,188 - root - DEBUG - Exiting PID update with parameters Error:0.11, ITerm:0.02, DInput:0.00, Output:2.19
2022-02-10 15:18:56,188 - root - DEBUG - RunID 63, Segment 1 (loop 44) - RunState:Ramp,
                       ReadTmp:83.68, RampTmp:83.79, TargetTmp:1185.00,
                       Output:2.19, CycleOnSec:0.11, RemainTime:6:28:21
                    
2022-02-10 15:18:56,188 - root - INFO - cycleoNsee: 0 and temprise: 84
2022-02-10 15:19:01,695 - root - DEBUG - Writing stats to Firing DB table...
2022-02-10 15:19:01,714 - root - INFO - database writing complete1
2022-02-10 15:19:01,714 - root - INFO - RunState end: Ramp
2022-02-10 15:19:01,715 - root - DEBUG - Entering PID update with parameters SetPoint:84.02, ProcValue:84.23, IMax:90.00, IMin:0.00,
2022-02-10 15:19:01,715 - root - DEBUG -   Window:5, Kp: 20.000, Ki: 0.200, Kd: 0.200
2022-02-10 15:19:01,715 - root - DEBUG - Exiting PID update with parameters Error:-0.20, ITerm:0.00, DInput:0.55, Output:0.00
2022-02-10 15:19:01,716 - root - DEBUG - RunID 63, Segment 1 (loop 45) - RunState:Ramp,
                       ReadTmp:84.23, RampTmp:84.02, TargetTmp:1185.00,
                       Output:0.00, CycleOnSec:0.00, RemainTime:6:28:16
                    
2022-02-10 15:19:01,716 - root - INFO - cycleoNsee: 0 and temprise: 84
2022-02-10 15:19:07,222 - root - DEBUG - Writing stats to Firing DB table...
2022-02-10 15:19:07,236 - root - INFO - database writing complete1
2022-02-10 15:19:07,236 - root - WARNING - Profile no longer in running state - exiting firing
2022-02-10 15:19:07,737 - root - INFO - RunState end: Stopped
2022-02-10 15:19:07,737 - root - DEBUG - Update run id 63,
                         segment 1 end time to 2022-02-10 15:19:07
                         
2022-02-10 15:19:07,738 - root - INFO - Segment 1 Complete
2022-02-10 15:19:07,753 - root - INFO - SegCompStat 1
2022-02-10 15:19:07,753 - root - INFO - Polling for 'Running' firing profiles...
