2022-01-11 17:16:02,427 - root - INFO - TotalSeg: 1
2022-01-11 17:16:02,428 - root - INFO - segment is 1 start time is None endtime is None
2022-01-11 17:16:02,937 - root - INFO - Entering Fire function with parameters RunID:52, Seg:1,
              TargetTmp:960, Rate:170, HoldMin:60, Window:30
           
2022-01-11 17:16:03,205 - root - INFO - First pass of firing loop - TargetTmp:960.00,
                          StartTmp:0.00,RampTmp:1.42, TmpDif:960.00,
                          RampMin:338.82, Steps:677, StepTmp:1.42,
                          Window:30, StartSec:1641942963, EndSec:1641966892
                       
2022-01-11 17:16:03,205 - root - DEBUG - Entering PID update with parameters SetPoint:1.42, ProcValue:0.00, IMax:100.00, IMin:0.00,
2022-01-11 17:16:03,206 - root - DEBUG -   Window:30, Kp: 30.000, Ki: 1.000, Kd: 0.600
2022-01-11 17:16:03,206 - root - DEBUG - Exiting PID update with parameters Error:1.42, ITerm:1.42, DInput:0.00, Output:43.92
2022-01-11 17:16:03,210 - root - DEBUG - RunID 52, Segment 1 (loop 1) - RunState:Ramp,
                       ReadTmp:0.00, RampTmp:1.42, TargetTmp:960.00,
                       Output:43.92, CycleOnSec:13.18, RemainTime:6:38:49
                    
2022-01-11 17:16:03,210 - root - DEBUG - ==>Relay On
2022-01-11 17:16:16,395 - root - DEBUG - ==>Relay Off
2022-01-11 17:16:16,397 - root - DEBUG - Writing stats to Firing DB table...
2022-01-11 17:16:16,409 - root - INFO - database writing complete1
2022-01-11 17:16:16,410 - root - INFO - RunState end: Ramp
2022-01-11 17:16:33,254 - root - INFO - First pass of firing loop - TargetTmp:960.00,
                          StartTmp:63.88,RampTmp:65.29, TmpDif:896.12,
                          RampMin:316.28, Steps:632, StepTmp:1.42,
                          Window:30, StartSec:1641942993, EndSec:1641965569
                       
2022-01-11 17:16:33,254 - root - DEBUG - Entering PID update with parameters SetPoint:65.29, ProcValue:63.88, IMax:100.00, IMin:0.00,
2022-01-11 17:16:33,254 - root - DEBUG -   Window:30, Kp: 30.000, Ki: 1.000, Kd: 0.600
2022-01-11 17:16:33,254 - root - DEBUG - Exiting PID update with parameters Error:1.42, ITerm:2.83, DInput:63.88, Output:7.01
2022-01-11 17:16:33,254 - root - DEBUG - RunID 52, Segment 1 (loop 2) - RunState:Ramp,
                       ReadTmp:63.88, RampTmp:65.29, TargetTmp:960.00,
                       Output:7.01, CycleOnSec:2.10, RemainTime:6:16:16
                    
2022-01-11 17:16:33,255 - root - DEBUG - ==>Relay On
2022-01-11 17:16:35,359 - root - DEBUG - ==>Relay Off
2022-01-11 17:16:35,361 - root - DEBUG - Writing stats to Firing DB table...
2022-01-11 17:16:35,719 - root - INFO - database writing complete1
2022-01-11 17:16:35,720 - root - INFO - RunState end: Ramp
2022-01-11 17:17:03,254 - root - DEBUG - Entering PID update with parameters SetPoint:66.71, ProcValue:72.39, IMax:100.00, IMin:0.00,
2022-01-11 17:17:03,254 - root - DEBUG -   Window:30, Kp: 30.000, Ki: 1.000, Kd: 0.600
2022-01-11 17:17:03,255 - root - DEBUG - Exiting PID update with parameters Error:-5.68, ITerm:0.00, DInput:8.51, Output:0.00
2022-01-11 17:17:03,255 - root - DEBUG - RunID 52, Segment 1 (loop 3) - RunState:Ramp,
                       ReadTmp:72.39, RampTmp:66.71, TargetTmp:960.00,
                       Output:0.00, CycleOnSec:0.00, RemainTime:6:15:46
                    
2022-01-11 17:17:03,255 - root - DEBUG - ==>Relay Off
2022-01-11 17:17:03,256 - root - DEBUG - Writing stats to Firing DB table...
2022-01-11 17:17:03,289 - root - INFO - database writing complete1
2022-01-11 17:17:03,289 - root - INFO - RunState end: Ramp
2022-01-11 17:17:33,253 - root - DEBUG - Entering PID update with parameters SetPoint:68.13, ProcValue:70.39, IMax:100.00, IMin:0.00,
2022-01-11 17:17:33,254 - root - DEBUG -   Window:30, Kp: 30.000, Ki: 1.000, Kd: 0.600
2022-01-11 17:17:33,254 - root - DEBUG - Exiting PID update with parameters Error:-2.26, ITerm:0.00, DInput:-2.00, Output:0.00
2022-01-11 17:17:33,254 - root - DEBUG - RunID 52, Segment 1 (loop 4) - RunState:Ramp,
                       ReadTmp:70.39, RampTmp:68.13, TargetTmp:960.00,
                       Output:0.00, CycleOnSec:0.00, RemainTime:6:15:16
                    
2022-01-11 17:17:33,254 - root - DEBUG - ==>Relay Off
2022-01-11 17:17:33,255 - root - DEBUG - Writing stats to Firing DB table...
2022-01-11 17:17:33,268 - root - INFO - database writing complete1
2022-01-11 17:17:33,268 - root - INFO - RunState end: Ramp
2022-01-11 17:18:03,253 - root - DEBUG - Entering PID update with parameters SetPoint:69.54, ProcValue:68.39, IMax:100.00, IMin:0.00,
2022-01-11 17:18:03,254 - root - DEBUG -   Window:30, Kp: 30.000, Ki: 1.000, Kd: 0.600
2022-01-11 17:18:03,254 - root - DEBUG - Exiting PID update with parameters Error:1.15, ITerm:1.15, DInput:-2.00, Output:36.98
2022-01-11 17:18:03,254 - root - DEBUG - RunID 52, Segment 1 (loop 5) - RunState:Ramp,
                       ReadTmp:68.39, RampTmp:69.54, TargetTmp:960.00,
                       Output:36.98, CycleOnSec:11.09, RemainTime:6:14:46
                    
2022-01-11 17:18:03,254 - root - DEBUG - ==>Relay On
2022-01-11 17:18:14,359 - root - DEBUG - ==>Relay Off
2022-01-11 17:18:14,360 - root - DEBUG - Writing stats to Firing DB table...
2022-01-11 17:18:14,376 - root - INFO - database writing complete1
2022-01-11 17:18:14,376 - root - INFO - RunState end: Ramp
2022-01-11 17:18:33,253 - root - DEBUG - Entering PID update with parameters SetPoint:70.96, ProcValue:121.86, IMax:100.00, IMin:0.00,
2022-01-11 17:18:33,253 - root - DEBUG -   Window:30, Kp: 30.000, Ki: 1.000, Kd: 0.600
2022-01-11 17:18:33,254 - root - DEBUG - Exiting PID update with parameters Error:-50.90, ITerm:0.00, DInput:53.47, Output:0.00
2022-01-11 17:18:33,254 - root - DEBUG - RunID 52, Segment 1 (loop 6) - RunState:Ramp,
                       ReadTmp:121.86, RampTmp:70.96, TargetTmp:960.00,
                       Output:0.00, CycleOnSec:0.00, RemainTime:6:14:16
                    
2022-01-11 17:18:33,254 - root - DEBUG - ==>Relay Off
2022-01-11 17:18:33,254 - root - DEBUG - Writing stats to Firing DB table...
2022-01-11 17:18:33,268 - root - INFO - database writing complete1
2022-01-11 17:18:33,268 - root - WARNING - Profile no longer in running state - exiting firing
2022-01-11 17:18:33,269 - root - INFO - RunState end: Stopped
2022-01-11 17:18:33,269 - root - DEBUG - Update run id 52,
                                   segment 1 end time to 2022-01-11 17:18:33
                                
2022-01-11 17:18:33,269 - root - DEBUG - Update run id 52,
                                   segment 1 end time to 2022-01-11 17:18:33
                                
2022-01-11 17:18:33,269 - root - INFO - Segment 1 Complete
2022-01-11 17:18:33,281 - root - INFO - SegCompStat 1
2022-01-11 17:18:33,281 - root - INFO - Polling for 'Running' firing profiles...
