2022-01-07 11:54:06,811 - root - INFO - TotalSeg: 2
2022-01-07 11:54:06,811 - root - INFO - segment is 1 start time is None endtime is None
2022-01-07 11:54:07,324 - root - INFO - Entering Fire function with parameters RunID:50, Seg:1,
              TargetTmp:945, Rate:170, HoldMin:0, Window:30
           
2022-01-07 11:54:07,582 - root - INFO - First pass of firing loop - TargetTmp:945.00,
                          StartTmp:158.88,RampTmp:160.30, TmpDif:786.12,
                          RampMin:277.45, Steps:554, StepTmp:1.42,
                          Window:30, StartSec:1641578047, EndSec:1641594694
                       
2022-01-07 11:54:07,582 - root - DEBUG - Entering PID update with parameters SetPoint:160.30, ProcValue:158.88, IMax:100.00, IMin:0.00,
2022-01-07 11:54:07,583 - root - DEBUG -   Window:30, Kp: 30.000, Ki: 1.000, Kd: 0.600
2022-01-07 11:54:07,583 - root - DEBUG - Exiting PID update with parameters Error:1.42, ITerm:1.58, DInput:1.07, Output:43.44
2022-01-07 11:54:07,583 - root - DEBUG - RunID 50, Segment 1 (loop 1) - RunState:Ramp,
                       ReadTmp:158.88, RampTmp:160.30, TargetTmp:945.00,
                       Output:43.44, CycleOnSec:13.03, RemainTime:4:37:27
                    
2022-01-07 11:54:07,584 - root - DEBUG - ==>Relay On
2022-01-07 11:54:20,629 - root - DEBUG - ==>Relay Off
2022-01-07 11:54:20,630 - root - DEBUG - Writing stats to Firing DB table...
2022-01-07 11:54:20,656 - root - INFO - database writing complete1
2022-01-07 11:54:20,657 - root - INFO - RunState end: Ramp
2022-01-07 11:54:37,253 - root - DEBUG - Entering PID update with parameters SetPoint:161.71, ProcValue:222.04, IMax:100.00, IMin:0.00,
2022-01-07 11:54:37,253 - root - DEBUG -   Window:30, Kp: 30.000, Ki: 1.000, Kd: 0.600
2022-01-07 11:54:37,253 - root - DEBUG - Exiting PID update with parameters Error:-60.33, ITerm:0.00, DInput:63.16, Output:0.00
2022-01-07 11:54:37,254 - root - DEBUG - RunID 50, Segment 1 (loop 2) - RunState:Ramp,
                       ReadTmp:222.04, RampTmp:161.71, TargetTmp:945.00,
                       Output:0.00, CycleOnSec:0.00, RemainTime:4:36:57
                    
2022-01-07 11:54:37,254 - root - DEBUG - ==>Relay Off
2022-01-07 11:54:37,254 - root - DEBUG - Writing stats to Firing DB table...
2022-01-07 11:54:37,266 - root - INFO - database writing complete1
2022-01-07 11:54:37,266 - root - INFO - RunState end: Ramp
2022-01-07 11:55:07,253 - root - DEBUG - Entering PID update with parameters SetPoint:163.13, ProcValue:220.04, IMax:100.00, IMin:0.00,
2022-01-07 11:55:07,253 - root - DEBUG -   Window:30, Kp: 30.000, Ki: 1.000, Kd: 0.600
2022-01-07 11:55:07,253 - root - DEBUG - Exiting PID update with parameters Error:-56.91, ITerm:0.00, DInput:-2.00, Output:0.00
2022-01-07 11:55:07,254 - root - DEBUG - RunID 50, Segment 1 (loop 3) - RunState:Ramp,
                       ReadTmp:220.04, RampTmp:163.13, TargetTmp:945.00,
                       Output:0.00, CycleOnSec:0.00, RemainTime:4:36:27
                    
2022-01-07 11:55:07,254 - root - DEBUG - ==>Relay Off
2022-01-07 11:55:07,254 - root - DEBUG - Writing stats to Firing DB table...
2022-01-07 11:55:07,266 - root - INFO - database writing complete1
2022-01-07 11:55:07,266 - root - INFO - RunState end: Ramp
2022-01-07 11:55:37,253 - root - DEBUG - Entering PID update with parameters SetPoint:164.55, ProcValue:218.04, IMax:100.00, IMin:0.00,
2022-01-07 11:55:37,253 - root - DEBUG -   Window:30, Kp: 30.000, Ki: 1.000, Kd: 0.600
2022-01-07 11:55:37,258 - root - DEBUG - Exiting PID update with parameters Error:-53.49, ITerm:0.00, DInput:-2.00, Output:0.00
2022-01-07 11:55:37,258 - root - DEBUG - RunID 50, Segment 1 (loop 4) - RunState:Ramp,
                       ReadTmp:218.04, RampTmp:164.55, TargetTmp:945.00,
                       Output:0.00, CycleOnSec:0.00, RemainTime:4:35:57
                    
2022-01-07 11:55:37,258 - root - DEBUG - ==>Relay Off
2022-01-07 11:55:37,258 - root - DEBUG - Writing stats to Firing DB table...
2022-01-07 11:55:37,276 - root - INFO - database writing complete1
2022-01-07 11:55:37,276 - root - INFO - RunState end: Ramp
2022-01-07 11:56:07,253 - root - DEBUG - Entering PID update with parameters SetPoint:165.96, ProcValue:216.04, IMax:100.00, IMin:0.00,
2022-01-07 11:56:07,253 - root - DEBUG -   Window:30, Kp: 30.000, Ki: 1.000, Kd: 0.600
2022-01-07 11:56:07,253 - root - DEBUG - Exiting PID update with parameters Error:-50.08, ITerm:0.00, DInput:-2.00, Output:0.00
2022-01-07 11:56:07,254 - root - DEBUG - RunID 50, Segment 1 (loop 5) - RunState:Ramp,
                       ReadTmp:216.04, RampTmp:165.96, TargetTmp:945.00,
                       Output:0.00, CycleOnSec:0.00, RemainTime:4:35:27
                    
2022-01-07 11:56:07,254 - root - DEBUG - ==>Relay Off
2022-01-07 11:56:07,254 - root - DEBUG - Writing stats to Firing DB table...
2022-01-07 11:56:07,268 - root - INFO - database writing complete1
2022-01-07 11:56:07,268 - root - INFO - RunState end: Ramp
2022-01-07 11:56:37,253 - root - DEBUG - Entering PID update with parameters SetPoint:167.38, ProcValue:214.04, IMax:100.00, IMin:0.00,
2022-01-07 11:56:37,253 - root - DEBUG -   Window:30, Kp: 30.000, Ki: 1.000, Kd: 0.600
2022-01-07 11:56:37,253 - root - DEBUG - Exiting PID update with parameters Error:-46.66, ITerm:0.00, DInput:-2.00, Output:0.00
2022-01-07 11:56:37,254 - root - DEBUG - RunID 50, Segment 1 (loop 6) - RunState:Ramp,
                       ReadTmp:214.04, RampTmp:167.38, TargetTmp:945.00,
                       Output:0.00, CycleOnSec:0.00, RemainTime:4:34:57
                    
2022-01-07 11:56:37,254 - root - DEBUG - ==>Relay Off
2022-01-07 11:56:37,254 - root - DEBUG - Writing stats to Firing DB table...
2022-01-07 11:56:37,268 - root - INFO - database writing complete1
2022-01-07 11:56:37,268 - root - INFO - RunState end: Ramp
2022-01-07 11:57:07,253 - root - DEBUG - Entering PID update with parameters SetPoint:168.80, ProcValue:212.04, IMax:100.00, IMin:0.00,
2022-01-07 11:57:07,253 - root - DEBUG -   Window:30, Kp: 30.000, Ki: 1.000, Kd: 0.600
2022-01-07 11:57:07,253 - root - DEBUG - Exiting PID update with parameters Error:-43.24, ITerm:0.00, DInput:-2.00, Output:0.00
2022-01-07 11:57:07,254 - root - DEBUG - RunID 50, Segment 1 (loop 7) - RunState:Ramp,
                       ReadTmp:212.04, RampTmp:168.80, TargetTmp:945.00,
                       Output:0.00, CycleOnSec:0.00, RemainTime:4:34:27
                    
2022-01-07 11:57:07,254 - root - DEBUG - ==>Relay Off
2022-01-07 11:57:07,254 - root - DEBUG - Writing stats to Firing DB table...
2022-01-07 11:57:07,305 - root - INFO - database writing complete1
2022-01-07 11:57:07,305 - root - INFO - RunState end: Ramp
2022-01-07 11:57:37,253 - root - DEBUG - Entering PID update with parameters SetPoint:170.21, ProcValue:210.04, IMax:100.00, IMin:0.00,
2022-01-07 11:57:37,253 - root - DEBUG -   Window:30, Kp: 30.000, Ki: 1.000, Kd: 0.600
2022-01-07 11:57:37,253 - root - DEBUG - Exiting PID update with parameters Error:-39.83, ITerm:0.00, DInput:-2.00, Output:0.00
2022-01-07 11:57:37,254 - root - DEBUG - RunID 50, Segment 1 (loop 8) - RunState:Ramp,
                       ReadTmp:210.04, RampTmp:170.21, TargetTmp:945.00,
                       Output:0.00, CycleOnSec:0.00, RemainTime:4:33:57
                    
2022-01-07 11:57:37,254 - root - DEBUG - ==>Relay Off
2022-01-07 11:57:37,254 - root - DEBUG - Writing stats to Firing DB table...
2022-01-07 11:57:37,268 - root - INFO - database writing complete1
2022-01-07 11:57:37,268 - root - INFO - RunState end: Ramp
2022-01-07 11:58:07,253 - root - DEBUG - Entering PID update with parameters SetPoint:171.63, ProcValue:208.04, IMax:100.00, IMin:0.00,
2022-01-07 11:58:07,253 - root - DEBUG -   Window:30, Kp: 30.000, Ki: 1.000, Kd: 0.600
2022-01-07 11:58:07,254 - root - DEBUG - Exiting PID update with parameters Error:-36.41, ITerm:0.00, DInput:-2.00, Output:0.00
2022-01-07 11:58:07,254 - root - DEBUG - RunID 50, Segment 1 (loop 9) - RunState:Ramp,
                       ReadTmp:208.04, RampTmp:171.63, TargetTmp:945.00,
                       Output:0.00, CycleOnSec:0.00, RemainTime:4:33:27
                    
2022-01-07 11:58:07,254 - root - DEBUG - ==>Relay Off
2022-01-07 11:58:07,254 - root - DEBUG - Writing stats to Firing DB table...
2022-01-07 11:58:07,268 - root - INFO - database writing complete1
2022-01-07 11:58:07,268 - root - INFO - RunState end: Ramp
2022-01-07 11:58:37,253 - root - DEBUG - Entering PID update with parameters SetPoint:173.05, ProcValue:206.04, IMax:100.00, IMin:0.00,
2022-01-07 11:58:37,253 - root - DEBUG -   Window:30, Kp: 30.000, Ki: 1.000, Kd: 0.600
2022-01-07 11:58:37,253 - root - DEBUG - Exiting PID update with parameters Error:-32.99, ITerm:0.00, DInput:-2.00, Output:0.00
2022-01-07 11:58:37,254 - root - DEBUG - RunID 50, Segment 1 (loop 10) - RunState:Ramp,
                       ReadTmp:206.04, RampTmp:173.05, TargetTmp:945.00,
                       Output:0.00, CycleOnSec:0.00, RemainTime:4:32:57
                    
2022-01-07 11:58:37,254 - root - DEBUG - ==>Relay Off
2022-01-07 11:58:37,254 - root - DEBUG - Writing stats to Firing DB table...
2022-01-07 11:58:37,278 - root - INFO - database writing complete1
2022-01-07 11:58:37,279 - root - INFO - RunState end: Ramp
2022-01-07 12:07:31,728 - root - INFO - TotalSeg: 2
2022-01-07 12:07:31,729 - root - INFO - segment is 1 start time is 2022-01-07 11:54:06 endtime is None
2022-01-07 12:07:32,242 - root - INFO - Entering Fire function with parameters RunID:50, Seg:1,
              TargetTmp:945, Rate:170, HoldMin:0, Window:30
           
2022-01-07 12:07:32,496 - root - INFO - First pass of firing loop - TargetTmp:945.00,
                          StartTmp:0.00,RampTmp:1.42, TmpDif:945.00,
                          RampMin:333.53, Steps:667, StepTmp:1.42,
                          Window:30, StartSec:1641578852, EndSec:1641598863
                       
2022-01-07 12:07:32,496 - root - DEBUG - Entering PID update with parameters SetPoint:1.42, ProcValue:0.00, IMax:100.00, IMin:0.00,
2022-01-07 12:07:32,497 - root - DEBUG -   Window:30, Kp: 30.000, Ki: 1.000, Kd: 0.600
2022-01-07 12:07:32,497 - root - DEBUG - Exiting PID update with parameters Error:1.42, ITerm:1.42, DInput:0.00, Output:43.92
2022-01-07 12:07:32,497 - root - DEBUG - RunID 50, Segment 1 (loop 1) - RunState:Ramp,
                       ReadTmp:0.00, RampTmp:1.42, TargetTmp:945.00,
                       Output:43.92, CycleOnSec:13.18, RemainTime:5:33:31
                    
2022-01-07 12:07:32,497 - root - DEBUG - ==>Relay On
2022-01-07 12:07:45,686 - root - DEBUG - ==>Relay Off
2022-01-07 12:07:45,687 - root - DEBUG - Writing stats to Firing DB table...
2022-01-07 12:07:45,714 - root - INFO - database writing complete1
2022-01-07 12:07:45,715 - root - INFO - RunState end: Ramp
2022-01-07 12:08:02,253 - root - INFO - First pass of firing loop - TargetTmp:945.00,
                          StartTmp:63.88,RampTmp:65.29, TmpDif:881.12,
                          RampMin:310.99, Steps:621, StepTmp:1.42,
                          Window:30, StartSec:1641578882, EndSec:1641597541
                       
2022-01-07 12:08:02,253 - root - DEBUG - Entering PID update with parameters SetPoint:65.29, ProcValue:63.88, IMax:100.00, IMin:0.00,
2022-01-07 12:08:02,253 - root - DEBUG -   Window:30, Kp: 30.000, Ki: 1.000, Kd: 0.600
2022-01-07 12:08:02,253 - root - DEBUG - Exiting PID update with parameters Error:1.42, ITerm:2.83, DInput:63.88, Output:7.01
2022-01-07 12:08:02,254 - root - DEBUG - RunID 50, Segment 1 (loop 2) - RunState:Ramp,
                       ReadTmp:63.88, RampTmp:65.29, TargetTmp:945.00,
                       Output:7.01, CycleOnSec:2.10, RemainTime:5:10:59
                    
2022-01-07 12:08:02,254 - root - DEBUG - ==>Relay On
2022-01-07 12:08:04,358 - root - DEBUG - ==>Relay Off
2022-01-07 12:08:04,360 - root - DEBUG - Writing stats to Firing DB table...
2022-01-07 12:08:04,375 - root - INFO - database writing complete1
2022-01-07 12:08:04,376 - root - WARNING - Profile no longer in running state - exiting firing
2022-01-07 12:08:04,376 - root - INFO - RunState end: Stopped
2022-01-07 12:08:04,377 - root - DEBUG - Update run id 50,
                                   segment 1 end time to 2022-01-07 12:08:04
                                
2022-01-07 12:08:04,377 - root - DEBUG - Update run id 50,
                                   segment 1 end time to 2022-01-07 12:08:04
                                
2022-01-07 12:08:04,377 - root - INFO - Segment 1 Complete
2022-01-07 12:08:04,387 - root - INFO - SegCompStat 1
2022-01-07 12:08:04,388 - root - INFO - segment is 2 start time is None endtime is None
2022-01-07 12:08:04,903 - root - INFO - Entering Fire function with parameters RunID:50, Seg:2,
              TargetTmp:1044, Rate:60, HoldMin:15, Window:10
           
2022-01-07 12:08:05,161 - root - INFO - First pass of firing loop - TargetTmp:1044.00,
                          StartTmp:72.39,RampTmp:72.55, TmpDif:971.61,
                          RampMin:971.61, Steps:5829, StepTmp:0.17,
                          Window:10, StartSec:1641578885, EndSec:1641638081
                       
2022-01-07 12:08:05,162 - root - DEBUG - Entering PID update with parameters SetPoint:72.55, ProcValue:72.39, IMax:100.00, IMin:0.00,
2022-01-07 12:08:05,162 - root - DEBUG -   Window:10, Kp: 30.000, Ki: 1.000, Kd: 0.600
2022-01-07 12:08:05,162 - root - DEBUG - Exiting PID update with parameters Error:0.17, ITerm:3.00, DInput:8.51, Output:2.89
2022-01-07 12:08:05,163 - root - DEBUG - RunID 50, Segment 2 (loop 1) - RunState:Ramp,
                       ReadTmp:72.39, RampTmp:72.55, TargetTmp:1044.00,
                       Output:2.89, CycleOnSec:0.29, RemainTime:16:26:36
                    
2022-01-07 12:08:05,163 - root - DEBUG - ==>Relay On
2022-01-07 12:08:05,453 - root - DEBUG - ==>Relay Off
2022-01-07 12:08:05,454 - root - DEBUG - Writing stats to Firing DB table...
2022-01-07 12:08:05,472 - root - INFO - database writing complete1
2022-01-07 12:08:05,472 - root - WARNING - Profile no longer in running state - exiting firing
2022-01-07 12:08:05,472 - root - INFO - RunState end: Stopped
2022-01-07 12:08:05,473 - root - DEBUG - Update run id 50,
                                   segment 2 end time to 2022-01-07 12:08:05
                                
2022-01-07 12:08:05,473 - root - DEBUG - Update run id 50,
                                   segment 2 end time to 2022-01-07 12:08:05
                                
2022-01-07 12:08:05,473 - root - INFO - Segment 2 Complete
2022-01-07 12:08:05,489 - root - INFO - SegCompStat 1
2022-01-07 12:08:05,490 - root - INFO - Polling for 'Running' firing profiles...
