2022-01-19 11:40:21,271 - root - INFO - TotalSeg: 2
2022-01-19 11:40:21,271 - root - INFO - segment is 1 start time is None endtime is None
2022-01-19 11:40:21,781 - root - INFO - Entering Fire function with parameters RunID:56, Seg:1,
              TargetTmp:945, Rate:170, HoldMin:0, Window:30
           
2022-01-19 11:40:22,543 - root - INFO - First pass of firing loop - TargetTmp:945.00,
                          StartTmp:16.61,RampTmp:18.03, TmpDif:928.39,
                          RampMin:327.67, Steps:655, StepTmp:1.42,
                          Window:30, StartSec:1642614022, EndSec:1642633682
                       
2022-01-19 11:40:22,544 - root - DEBUG - Entering PID update with parameters SetPoint:18.03, ProcValue:16.61, IMax:100.00, IMin:0.00,
2022-01-19 11:40:22,544 - root - DEBUG -   Window:30, Kp: 30.000, Ki: 1.000, Kd: 0.600
2022-01-19 11:40:22,544 - root - DEBUG - Exiting PID update with parameters Error:1.42, ITerm:1.42, DInput:16.61, Output:33.95
2022-01-19 11:40:22,545 - root - DEBUG - RunID 56, Segment 1 (loop 1) - RunState:Ramp,
                       ReadTmp:16.61, RampTmp:18.03, TargetTmp:945.00,
                       Output:33.95, CycleOnSec:10.19, RemainTime:5:27:40
                    
2022-01-19 11:40:22,545 - root - DEBUG - ==>Relay On
2022-01-19 11:40:32,741 - root - DEBUG - ==>Relay Off
2022-01-19 11:40:32,741 - root - DEBUG - Writing stats to Firing DB table...
2022-01-19 11:40:32,770 - root - INFO - database writing complete1
2022-01-19 11:40:32,770 - root - INFO - RunState end: Ramp
2022-01-19 11:40:52,507 - root - DEBUG - Entering PID update with parameters SetPoint:19.44, ProcValue:16.55, IMax:100.00, IMin:0.00,
2022-01-19 11:40:52,507 - root - DEBUG -   Window:30, Kp: 30.000, Ki: 1.000, Kd: 0.600
2022-01-19 11:40:52,507 - root - DEBUG - Exiting PID update with parameters Error:2.90, ITerm:4.31, DInput:-0.06, Output:91.23
2022-01-19 11:40:52,507 - root - DEBUG - RunID 56, Segment 1 (loop 2) - RunState:Ramp,
                       ReadTmp:16.55, RampTmp:19.44, TargetTmp:945.00,
                       Output:91.23, CycleOnSec:27.37, RemainTime:5:27:10
                    
2022-01-19 11:40:52,508 - root - DEBUG - ==>Relay On
2022-01-19 11:41:19,880 - root - DEBUG - ==>Relay Off
2022-01-19 11:41:19,881 - root - DEBUG - Writing stats to Firing DB table...
2022-01-19 11:41:19,896 - root - INFO - database writing complete1
2022-01-19 11:41:19,897 - root - INFO - RunState end: Ramp
2022-01-19 11:41:22,507 - root - DEBUG - Entering PID update with parameters SetPoint:20.86, ProcValue:17.35, IMax:100.00, IMin:0.00,
2022-01-19 11:41:22,507 - root - DEBUG -   Window:30, Kp: 30.000, Ki: 1.000, Kd: 0.600
2022-01-19 11:41:22,507 - root - DEBUG - Exiting PID update with parameters Error:3.51, ITerm:7.82, DInput:0.80, Output:100.00
2022-01-19 11:41:22,507 - root - DEBUG - RunID 56, Segment 1 (loop 3) - RunState:Ramp,
                       ReadTmp:17.35, RampTmp:20.86, TargetTmp:945.00,
                       Output:100.00, CycleOnSec:30.00, RemainTime:5:26:40
                    
2022-01-19 11:41:22,507 - root - DEBUG - ==>Relay On
2022-01-19 11:41:52,538 - root - DEBUG - Writing stats to Firing DB table...
2022-01-19 11:41:52,555 - root - INFO - database writing complete1
2022-01-19 11:41:52,556 - root - INFO - RunState end: Ramp
2022-01-19 11:41:53,063 - root - DEBUG - Entering PID update with parameters SetPoint:22.28, ProcValue:19.58, IMax:100.00, IMin:0.00,
2022-01-19 11:41:53,064 - root - DEBUG -   Window:30, Kp: 30.000, Ki: 1.000, Kd: 0.600
2022-01-19 11:41:53,064 - root - DEBUG - Exiting PID update with parameters Error:2.70, ITerm:10.52, DInput:2.23, Output:90.12
2022-01-19 11:41:53,064 - root - DEBUG - RunID 56, Segment 1 (loop 4) - RunState:Ramp,
                       ReadTmp:19.58, RampTmp:22.28, TargetTmp:945.00,
                       Output:90.12, CycleOnSec:27.04, RemainTime:5:26:09
                    
2022-01-19 11:41:53,064 - root - DEBUG - ==>Relay On
2022-01-19 11:42:20,127 - root - DEBUG - ==>Relay Off
2022-01-19 11:42:20,130 - root - DEBUG - Writing stats to Firing DB table...
2022-01-19 11:42:20,150 - root - INFO - database writing complete1
2022-01-19 11:42:20,151 - root - INFO - RunState end: Ramp
2022-01-19 11:42:23,063 - root - DEBUG - Entering PID update with parameters SetPoint:23.69, ProcValue:23.08, IMax:100.00, IMin:0.00,
2022-01-19 11:42:23,064 - root - DEBUG -   Window:30, Kp: 30.000, Ki: 1.000, Kd: 0.600
2022-01-19 11:42:23,064 - root - DEBUG - Exiting PID update with parameters Error:0.61, ITerm:11.13, DInput:3.50, Output:27.47
2022-01-19 11:42:23,064 - root - DEBUG - RunID 56, Segment 1 (loop 5) - RunState:Ramp,
                       ReadTmp:23.08, RampTmp:23.69, TargetTmp:945.00,
                       Output:27.47, CycleOnSec:8.24, RemainTime:5:25:39
                    
2022-01-19 11:42:23,064 - root - DEBUG - ==>Relay On
2022-01-19 11:42:31,314 - root - DEBUG - ==>Relay Off
2022-01-19 11:42:31,315 - root - DEBUG - Writing stats to Firing DB table...
2022-01-19 11:42:31,337 - root - INFO - database writing complete1
2022-01-19 11:42:31,338 - root - INFO - RunState end: Ramp
2022-01-19 11:42:53,062 - root - DEBUG - Entering PID update with parameters SetPoint:25.11, ProcValue:26.38, IMax:100.00, IMin:0.00,
2022-01-19 11:42:53,063 - root - DEBUG -   Window:30, Kp: 30.000, Ki: 1.000, Kd: 0.600
2022-01-19 11:42:53,063 - root - DEBUG - Exiting PID update with parameters Error:-1.27, ITerm:9.87, DInput:3.30, Output:0.00
2022-01-19 11:42:53,063 - root - DEBUG - RunID 56, Segment 1 (loop 6) - RunState:Ramp,
                       ReadTmp:26.38, RampTmp:25.11, TargetTmp:945.00,
                       Output:0.00, CycleOnSec:0.00, RemainTime:5:25:09
                    
2022-01-19 11:42:53,063 - root - DEBUG - ==>Relay Off
2022-01-19 11:42:53,064 - root - DEBUG - Writing stats to Firing DB table...
2022-01-19 11:42:53,078 - root - INFO - database writing complete1
2022-01-19 11:42:53,078 - root - INFO - RunState end: Ramp
2022-01-19 11:43:23,063 - root - DEBUG - Entering PID update with parameters SetPoint:26.53, ProcValue:28.56, IMax:100.00, IMin:0.00,
2022-01-19 11:43:23,063 - root - DEBUG -   Window:30, Kp: 30.000, Ki: 1.000, Kd: 0.600
2022-01-19 11:43:23,063 - root - DEBUG - Exiting PID update with parameters Error:-2.04, ITerm:7.83, DInput:2.19, Output:0.00
2022-01-19 11:43:23,063 - root - DEBUG - RunID 56, Segment 1 (loop 7) - RunState:Ramp,
                       ReadTmp:28.56, RampTmp:26.53, TargetTmp:945.00,
                       Output:0.00, CycleOnSec:0.00, RemainTime:5:24:39
                    
2022-01-19 11:43:23,063 - root - DEBUG - ==>Relay Off
2022-01-19 11:43:23,064 - root - DEBUG - Writing stats to Firing DB table...
2022-01-19 11:43:23,080 - root - INFO - database writing complete1
2022-01-19 11:43:23,081 - root - INFO - RunState end: Ramp
2022-01-19 11:43:53,063 - root - DEBUG - Entering PID update with parameters SetPoint:27.94, ProcValue:31.46, IMax:100.00, IMin:0.00,
2022-01-19 11:43:53,063 - root - DEBUG -   Window:30, Kp: 30.000, Ki: 1.000, Kd: 0.600
2022-01-19 11:43:53,063 - root - DEBUG - Exiting PID update with parameters Error:-3.52, ITerm:4.31, DInput:2.90, Output:0.00
2022-01-19 11:43:53,063 - root - DEBUG - RunID 56, Segment 1 (loop 8) - RunState:Ramp,
                       ReadTmp:31.46, RampTmp:27.94, TargetTmp:945.00,
                       Output:0.00, CycleOnSec:0.00, RemainTime:5:24:09
                    
2022-01-19 11:43:53,063 - root - DEBUG - ==>Relay Off
2022-01-19 11:43:53,064 - root - DEBUG - Writing stats to Firing DB table...
2022-01-19 11:43:53,082 - root - INFO - database writing complete1
2022-01-19 11:43:53,083 - root - INFO - RunState end: Ramp
2022-01-19 11:44:23,063 - root - DEBUG - Entering PID update with parameters SetPoint:29.36, ProcValue:34.24, IMax:100.00, IMin:0.00,
2022-01-19 11:44:23,063 - root - DEBUG -   Window:30, Kp: 30.000, Ki: 1.000, Kd: 0.600
2022-01-19 11:44:23,063 - root - DEBUG - Exiting PID update with parameters Error:-4.88, ITerm:0.00, DInput:2.78, Output:0.00
2022-01-19 11:44:23,063 - root - DEBUG - RunID 56, Segment 1 (loop 9) - RunState:Ramp,
                       ReadTmp:34.24, RampTmp:29.36, TargetTmp:945.00,
                       Output:0.00, CycleOnSec:0.00, RemainTime:5:23:39
                    
2022-01-19 11:44:23,063 - root - DEBUG - ==>Relay Off
2022-01-19 11:44:23,064 - root - DEBUG - Writing stats to Firing DB table...
2022-01-19 11:44:23,078 - root - INFO - database writing complete1
2022-01-19 11:44:23,078 - root - INFO - RunState end: Ramp
2022-01-19 11:44:53,063 - root - DEBUG - Entering PID update with parameters SetPoint:30.78, ProcValue:36.66, IMax:100.00, IMin:0.00,
2022-01-19 11:44:53,063 - root - DEBUG -   Window:30, Kp: 30.000, Ki: 1.000, Kd: 0.600
2022-01-19 11:44:53,063 - root - DEBUG - Exiting PID update with parameters Error:-5.88, ITerm:0.00, DInput:2.41, Output:0.00
2022-01-19 11:44:53,063 - root - DEBUG - RunID 56, Segment 1 (loop 10) - RunState:Ramp,
                       ReadTmp:36.66, RampTmp:30.78, TargetTmp:945.00,
                       Output:0.00, CycleOnSec:0.00, RemainTime:5:23:09
                    
2022-01-19 11:44:53,063 - root - DEBUG - ==>Relay Off
2022-01-19 11:44:53,064 - root - DEBUG - Writing stats to Firing DB table...
2022-01-19 11:44:53,078 - root - INFO - database writing complete1
2022-01-19 11:44:53,078 - root - INFO - RunState end: Ramp
2022-01-19 11:45:23,063 - root - DEBUG - Entering PID update with parameters SetPoint:32.19, ProcValue:38.71, IMax:100.00, IMin:0.00,
2022-01-19 11:45:23,063 - root - DEBUG -   Window:30, Kp: 30.000, Ki: 1.000, Kd: 0.600
2022-01-19 11:45:23,063 - root - DEBUG - Exiting PID update with parameters Error:-6.52, ITerm:0.00, DInput:2.05, Output:0.00
2022-01-19 11:45:23,063 - root - DEBUG - RunID 56, Segment 1 (loop 11) - RunState:Ramp,
                       ReadTmp:38.71, RampTmp:32.19, TargetTmp:945.00,
                       Output:0.00, CycleOnSec:0.00, RemainTime:5:22:39
                    
2022-01-19 11:45:23,064 - root - DEBUG - ==>Relay Off
2022-01-19 11:45:23,064 - root - DEBUG - Writing stats to Firing DB table...
2022-01-19 11:45:23,079 - root - INFO - database writing complete1
2022-01-19 11:45:23,080 - root - INFO - RunState end: Ramp
2022-01-19 11:45:53,063 - root - DEBUG - Entering PID update with parameters SetPoint:33.61, ProcValue:40.46, IMax:100.00, IMin:0.00,
2022-01-19 11:45:53,064 - root - DEBUG -   Window:30, Kp: 30.000, Ki: 1.000, Kd: 0.600
2022-01-19 11:45:53,064 - root - DEBUG - Exiting PID update with parameters Error:-6.85, ITerm:0.00, DInput:1.75, Output:0.00
2022-01-19 11:45:53,064 - root - DEBUG - RunID 56, Segment 1 (loop 12) - RunState:Ramp,
                       ReadTmp:40.46, RampTmp:33.61, TargetTmp:945.00,
                       Output:0.00, CycleOnSec:0.00, RemainTime:5:22:09
                    
2022-01-19 11:45:53,064 - root - DEBUG - ==>Relay Off
2022-01-19 11:45:53,065 - root - DEBUG - Writing stats to Firing DB table...
2022-01-19 11:45:53,083 - root - INFO - database writing complete1
2022-01-19 11:45:53,084 - root - INFO - RunState end: Ramp
2022-01-19 11:46:23,063 - root - DEBUG - Entering PID update with parameters SetPoint:35.03, ProcValue:41.91, IMax:100.00, IMin:0.00,
2022-01-19 11:46:23,063 - root - DEBUG -   Window:30, Kp: 30.000, Ki: 1.000, Kd: 0.600
2022-01-19 11:46:23,063 - root - DEBUG - Exiting PID update with parameters Error:-6.89, ITerm:0.00, DInput:1.45, Output:0.00
2022-01-19 11:46:23,063 - root - DEBUG - RunID 56, Segment 1 (loop 13) - RunState:Ramp,
                       ReadTmp:41.91, RampTmp:35.03, TargetTmp:945.00,
                       Output:0.00, CycleOnSec:0.00, RemainTime:5:21:39
                    
2022-01-19 11:46:23,064 - root - DEBUG - ==>Relay Off
2022-01-19 11:46:23,065 - root - DEBUG - Writing stats to Firing DB table...
2022-01-19 11:46:23,093 - root - INFO - database writing complete1
2022-01-19 11:46:23,093 - root - INFO - RunState end: Ramp
2022-01-19 11:46:53,063 - root - DEBUG - Entering PID update with parameters SetPoint:36.44, ProcValue:42.98, IMax:100.00, IMin:0.00,
2022-01-19 11:46:53,063 - root - DEBUG -   Window:30, Kp: 30.000, Ki: 1.000, Kd: 0.600
2022-01-19 11:46:53,064 - root - DEBUG - Exiting PID update with parameters Error:-6.53, ITerm:0.00, DInput:1.06, Output:0.00
2022-01-19 11:46:53,064 - root - DEBUG - RunID 56, Segment 1 (loop 14) - RunState:Ramp,
                       ReadTmp:42.98, RampTmp:36.44, TargetTmp:945.00,
                       Output:0.00, CycleOnSec:0.00, RemainTime:5:21:09
                    
2022-01-19 11:46:53,064 - root - DEBUG - ==>Relay Off
2022-01-19 11:46:53,065 - root - DEBUG - Writing stats to Firing DB table...
2022-01-19 11:46:53,080 - root - INFO - database writing complete1
2022-01-19 11:46:53,081 - root - INFO - RunState end: Ramp
2022-01-19 11:47:23,063 - root - DEBUG - Entering PID update with parameters SetPoint:37.86, ProcValue:43.80, IMax:100.00, IMin:0.00,
2022-01-19 11:47:23,063 - root - DEBUG -   Window:30, Kp: 30.000, Ki: 1.000, Kd: 0.600
2022-01-19 11:47:23,064 - root - DEBUG - Exiting PID update with parameters Error:-5.95, ITerm:0.00, DInput:0.83, Output:0.00
2022-01-19 11:47:23,064 - root - DEBUG - RunID 56, Segment 1 (loop 15) - RunState:Ramp,
                       ReadTmp:43.80, RampTmp:37.86, TargetTmp:945.00,
                       Output:0.00, CycleOnSec:0.00, RemainTime:5:20:39
                    
2022-01-19 11:47:23,064 - root - DEBUG - ==>Relay Off
2022-01-19 11:47:23,065 - root - DEBUG - Writing stats to Firing DB table...
2022-01-19 11:47:23,080 - root - INFO - database writing complete1
2022-01-19 11:47:23,080 - root - INFO - RunState end: Ramp
2022-01-19 11:47:53,063 - root - DEBUG - Entering PID update with parameters SetPoint:39.28, ProcValue:44.42, IMax:100.00, IMin:0.00,
2022-01-19 11:47:53,063 - root - DEBUG -   Window:30, Kp: 30.000, Ki: 1.000, Kd: 0.600
2022-01-19 11:47:53,063 - root - DEBUG - Exiting PID update with parameters Error:-5.15, ITerm:0.00, DInput:0.62, Output:0.00
2022-01-19 11:47:53,063 - root - DEBUG - RunID 56, Segment 1 (loop 16) - RunState:Ramp,
                       ReadTmp:44.42, RampTmp:39.28, TargetTmp:945.00,
                       Output:0.00, CycleOnSec:0.00, RemainTime:5:20:09
                    
2022-01-19 11:47:53,064 - root - DEBUG - ==>Relay Off
2022-01-19 11:47:53,065 - root - DEBUG - Writing stats to Firing DB table...
2022-01-19 11:47:53,079 - root - INFO - database writing complete1
2022-01-19 11:47:53,080 - root - INFO - RunState end: Ramp
2022-01-19 11:48:23,064 - root - DEBUG - Entering PID update with parameters SetPoint:40.69, ProcValue:44.95, IMax:100.00, IMin:0.00,
2022-01-19 11:48:23,064 - root - DEBUG -   Window:30, Kp: 30.000, Ki: 1.000, Kd: 0.600
2022-01-19 11:48:23,064 - root - DEBUG - Exiting PID update with parameters Error:-4.25, ITerm:0.00, DInput:0.52, Output:0.00
2022-01-19 11:48:23,064 - root - DEBUG - RunID 56, Segment 1 (loop 17) - RunState:Ramp,
                       ReadTmp:44.95, RampTmp:40.69, TargetTmp:945.00,
                       Output:0.00, CycleOnSec:0.00, RemainTime:5:19:39
                    
2022-01-19 11:48:23,065 - root - DEBUG - ==>Relay Off
2022-01-19 11:48:23,065 - root - DEBUG - Writing stats to Firing DB table...
2022-01-19 11:48:23,081 - root - INFO - database writing complete1
2022-01-19 11:48:23,082 - root - INFO - RunState end: Ramp
2022-01-19 11:48:53,064 - root - DEBUG - Entering PID update with parameters SetPoint:42.11, ProcValue:45.30, IMax:100.00, IMin:0.00,
2022-01-19 11:48:53,064 - root - DEBUG -   Window:30, Kp: 30.000, Ki: 1.000, Kd: 0.600
2022-01-19 11:48:53,065 - root - DEBUG - Exiting PID update with parameters Error:-3.20, ITerm:0.00, DInput:0.36, Output:0.00
2022-01-19 11:48:53,065 - root - DEBUG - RunID 56, Segment 1 (loop 18) - RunState:Ramp,
                       ReadTmp:45.30, RampTmp:42.11, TargetTmp:945.00,
                       Output:0.00, CycleOnSec:0.00, RemainTime:5:19:09
                    
2022-01-19 11:48:53,065 - root - DEBUG - ==>Relay Off
2022-01-19 11:48:53,066 - root - DEBUG - Writing stats to Firing DB table...
2022-01-19 11:48:53,081 - root - INFO - database writing complete1
2022-01-19 11:48:53,082 - root - INFO - RunState end: Ramp
2022-01-19 11:49:23,069 - root - DEBUG - Entering PID update with parameters SetPoint:43.53, ProcValue:45.66, IMax:100.00, IMin:0.00,
2022-01-19 11:49:23,069 - root - DEBUG -   Window:30, Kp: 30.000, Ki: 1.000, Kd: 0.600
2022-01-19 11:49:23,069 - root - DEBUG - Exiting PID update with parameters Error:-2.14, ITerm:0.00, DInput:0.36, Output:0.00
2022-01-19 11:49:23,070 - root - DEBUG - RunID 56, Segment 1 (loop 19) - RunState:Ramp,
                       ReadTmp:45.66, RampTmp:43.53, TargetTmp:945.00,
                       Output:0.00, CycleOnSec:0.00, RemainTime:5:18:39
                    
2022-01-19 11:49:23,070 - root - DEBUG - ==>Relay Off
2022-01-19 11:49:23,071 - root - DEBUG - Writing stats to Firing DB table...
2022-01-19 11:49:23,085 - root - INFO - database writing complete1
2022-01-19 11:49:23,086 - root - INFO - RunState end: Ramp
2022-01-19 11:49:53,064 - root - DEBUG - Entering PID update with parameters SetPoint:44.94, ProcValue:45.78, IMax:100.00, IMin:0.00,
2022-01-19 11:49:53,065 - root - DEBUG -   Window:30, Kp: 30.000, Ki: 1.000, Kd: 0.600
2022-01-19 11:49:53,065 - root - DEBUG - Exiting PID update with parameters Error:-0.84, ITerm:0.00, DInput:0.12, Output:0.00
2022-01-19 11:49:53,065 - root - DEBUG - RunID 56, Segment 1 (loop 20) - RunState:Ramp,
                       ReadTmp:45.78, RampTmp:44.94, TargetTmp:945.00,
                       Output:0.00, CycleOnSec:0.00, RemainTime:5:18:09
                    
2022-01-19 11:49:53,065 - root - DEBUG - ==>Relay Off
2022-01-19 11:49:53,066 - root - DEBUG - Writing stats to Firing DB table...
2022-01-19 11:49:53,080 - root - INFO - database writing complete1
2022-01-19 11:49:53,080 - root - INFO - RunState end: Ramp
2022-01-19 11:50:23,065 - root - DEBUG - Entering PID update with parameters SetPoint:46.36, ProcValue:45.86, IMax:100.00, IMin:0.00,
2022-01-19 11:50:23,065 - root - DEBUG -   Window:30, Kp: 30.000, Ki: 1.000, Kd: 0.600
2022-01-19 11:50:23,065 - root - DEBUG - Exiting PID update with parameters Error:0.50, ITerm:0.50, DInput:0.08, Output:15.45
2022-01-19 11:50:23,065 - root - DEBUG - RunID 56, Segment 1 (loop 21) - RunState:Ramp,
                       ReadTmp:45.86, RampTmp:46.36, TargetTmp:945.00,
                       Output:15.45, CycleOnSec:4.64, RemainTime:5:17:39
                    
2022-01-19 11:50:23,065 - root - DEBUG - ==>Relay On
2022-01-19 11:50:27,705 - root - DEBUG - ==>Relay Off
2022-01-19 11:50:27,706 - root - DEBUG - Writing stats to Firing DB table...
2022-01-19 11:50:27,720 - root - INFO - database writing complete1
2022-01-19 11:50:27,720 - root - INFO - RunState end: Ramp
2022-01-19 11:50:53,063 - root - DEBUG - Entering PID update with parameters SetPoint:47.78, ProcValue:46.02, IMax:100.00, IMin:0.00,
2022-01-19 11:50:53,064 - root - DEBUG -   Window:30, Kp: 30.000, Ki: 1.000, Kd: 0.600
2022-01-19 11:50:53,064 - root - DEBUG - Exiting PID update with parameters Error:1.76, ITerm:2.26, DInput:0.16, Output:54.98
2022-01-19 11:50:53,064 - root - DEBUG - RunID 56, Segment 1 (loop 22) - RunState:Ramp,
                       ReadTmp:46.02, RampTmp:47.78, TargetTmp:945.00,
                       Output:54.98, CycleOnSec:16.49, RemainTime:5:17:09
                    
2022-01-19 11:50:53,064 - root - DEBUG - ==>Relay On
2022-01-19 11:51:09,575 - root - DEBUG - ==>Relay Off
2022-01-19 11:51:09,576 - root - DEBUG - Writing stats to Firing DB table...
2022-01-19 11:51:09,595 - root - INFO - database writing complete1
2022-01-19 11:51:09,595 - root - INFO - RunState end: Ramp
2022-01-19 11:51:23,063 - root - DEBUG - Entering PID update with parameters SetPoint:49.19, ProcValue:46.46, IMax:100.00, IMin:0.00,
2022-01-19 11:51:23,063 - root - DEBUG -   Window:30, Kp: 30.000, Ki: 1.000, Kd: 0.600
2022-01-19 11:51:23,064 - root - DEBUG - Exiting PID update with parameters Error:2.73, ITerm:4.99, DInput:0.45, Output:86.68
2022-01-19 11:51:23,064 - root - DEBUG - RunID 56, Segment 1 (loop 23) - RunState:Ramp,
                       ReadTmp:46.46, RampTmp:49.19, TargetTmp:945.00,
                       Output:86.68, CycleOnSec:26.00, RemainTime:5:16:39
                    
2022-01-19 11:51:23,064 - root - DEBUG - ==>Relay On
2022-01-19 11:51:49,094 - root - DEBUG - ==>Relay Off
2022-01-19 11:51:49,095 - root - DEBUG - Writing stats to Firing DB table...
2022-01-19 11:51:49,110 - root - INFO - database writing complete1
2022-01-19 11:51:49,111 - root - INFO - RunState end: Ramp
2022-01-19 11:51:53,063 - root - DEBUG - Entering PID update with parameters SetPoint:50.61, ProcValue:48.07, IMax:100.00, IMin:0.00,
2022-01-19 11:51:53,064 - root - DEBUG -   Window:30, Kp: 30.000, Ki: 1.000, Kd: 0.600
2022-01-19 11:51:53,064 - root - DEBUG - Exiting PID update with parameters Error:2.54, ITerm:7.53, DInput:1.61, Output:82.74
2022-01-19 11:51:53,064 - root - DEBUG - RunID 56, Segment 1 (loop 24) - RunState:Ramp,
                       ReadTmp:48.07, RampTmp:50.61, TargetTmp:945.00,
                       Output:82.74, CycleOnSec:24.82, RemainTime:5:16:09
                    
2022-01-19 11:51:53,064 - root - DEBUG - ==>Relay On
2022-01-19 11:52:17,910 - root - DEBUG - ==>Relay Off
2022-01-19 11:52:17,911 - root - DEBUG - Writing stats to Firing DB table...
2022-01-19 11:52:17,925 - root - INFO - database writing complete1
2022-01-19 11:52:17,925 - root - INFO - RunState end: Ramp
2022-01-19 11:52:23,063 - root - DEBUG - Entering PID update with parameters SetPoint:52.03, ProcValue:51.27, IMax:100.00, IMin:0.00,
2022-01-19 11:52:23,064 - root - DEBUG -   Window:30, Kp: 30.000, Ki: 1.000, Kd: 0.600
2022-01-19 11:52:23,069 - root - DEBUG - Exiting PID update with parameters Error:0.75, ITerm:8.28, DInput:3.20, Output:28.94
2022-01-19 11:52:23,069 - root - DEBUG - RunID 56, Segment 1 (loop 25) - RunState:Ramp,
                       ReadTmp:51.27, RampTmp:52.03, TargetTmp:945.00,
                       Output:28.94, CycleOnSec:8.68, RemainTime:5:15:39
                    
2022-01-19 11:52:23,069 - root - DEBUG - ==>Relay On
2022-01-19 11:52:31,760 - root - DEBUG - ==>Relay Off
2022-01-19 11:52:31,761 - root - DEBUG - Writing stats to Firing DB table...
2022-01-19 11:52:31,775 - root - INFO - database writing complete1
2022-01-19 11:52:31,775 - root - INFO - RunState end: Ramp
2022-01-19 11:52:53,063 - root - DEBUG - Entering PID update with parameters SetPoint:53.44, ProcValue:54.54, IMax:100.00, IMin:0.00,
2022-01-19 11:52:53,064 - root - DEBUG -   Window:30, Kp: 30.000, Ki: 1.000, Kd: 0.600
2022-01-19 11:52:53,064 - root - DEBUG - Exiting PID update with parameters Error:-1.10, ITerm:7.19, DInput:3.27, Output:0.00
2022-01-19 11:52:53,064 - root - DEBUG - RunID 56, Segment 1 (loop 26) - RunState:Ramp,
                       ReadTmp:54.54, RampTmp:53.44, TargetTmp:945.00,
                       Output:0.00, CycleOnSec:0.00, RemainTime:5:15:09
                    
2022-01-19 11:52:53,064 - root - DEBUG - ==>Relay Off
2022-01-19 11:52:53,065 - root - DEBUG - Writing stats to Firing DB table...
2022-01-19 11:52:53,082 - root - INFO - database writing complete1
2022-01-19 11:52:53,083 - root - INFO - RunState end: Ramp
2022-01-19 11:53:23,063 - root - DEBUG - Entering PID update with parameters SetPoint:54.86, ProcValue:56.90, IMax:100.00, IMin:0.00,
2022-01-19 11:53:23,064 - root - DEBUG -   Window:30, Kp: 30.000, Ki: 1.000, Kd: 0.600
2022-01-19 11:53:23,064 - root - DEBUG - Exiting PID update with parameters Error:-2.04, ITerm:5.15, DInput:2.36, Output:0.00
2022-01-19 11:53:23,064 - root - DEBUG - RunID 56, Segment 1 (loop 27) - RunState:Ramp,
                       ReadTmp:56.90, RampTmp:54.86, TargetTmp:945.00,
                       Output:0.00, CycleOnSec:0.00, RemainTime:5:14:39
                    
2022-01-19 11:53:23,064 - root - DEBUG - ==>Relay Off
2022-01-19 11:53:23,064 - root - DEBUG - Writing stats to Firing DB table...
2022-01-19 11:53:23,078 - root - INFO - database writing complete1
2022-01-19 11:53:23,079 - root - INFO - RunState end: Ramp
2022-01-19 11:53:53,064 - root - DEBUG - Entering PID update with parameters SetPoint:56.28, ProcValue:58.89, IMax:100.00, IMin:0.00,
2022-01-19 11:53:53,064 - root - DEBUG -   Window:30, Kp: 30.000, Ki: 1.000, Kd: 0.600
2022-01-19 11:53:53,064 - root - DEBUG - Exiting PID update with parameters Error:-2.61, ITerm:2.53, DInput:1.99, Output:0.00
2022-01-19 11:53:53,065 - root - DEBUG - RunID 56, Segment 1 (loop 28) - RunState:Ramp,
                       ReadTmp:58.89, RampTmp:56.28, TargetTmp:945.00,
                       Output:0.00, CycleOnSec:0.00, RemainTime:5:14:09
                    
2022-01-19 11:53:53,065 - root - DEBUG - ==>Relay Off
2022-01-19 11:53:53,066 - root - DEBUG - Writing stats to Firing DB table...
2022-01-19 11:53:53,080 - root - INFO - database writing complete1
2022-01-19 11:53:53,081 - root - INFO - RunState end: Ramp
2022-01-19 11:54:23,066 - root - DEBUG - Entering PID update with parameters SetPoint:57.69, ProcValue:60.67, IMax:100.00, IMin:0.00,
2022-01-19 11:54:23,066 - root - DEBUG -   Window:30, Kp: 30.000, Ki: 1.000, Kd: 0.600
2022-01-19 11:54:23,066 - root - DEBUG - Exiting PID update with parameters Error:-2.98, ITerm:0.00, DInput:1.78, Output:0.00
2022-01-19 11:54:23,066 - root - DEBUG - RunID 56, Segment 1 (loop 29) - RunState:Ramp,
                       ReadTmp:60.67, RampTmp:57.69, TargetTmp:945.00,
                       Output:0.00, CycleOnSec:0.00, RemainTime:5:13:39
                    
2022-01-19 11:54:23,066 - root - DEBUG - ==>Relay Off
2022-01-19 11:54:23,067 - root - DEBUG - Writing stats to Firing DB table...
2022-01-19 11:54:23,082 - root - INFO - database writing complete1
2022-01-19 11:54:23,082 - root - INFO - RunState end: Ramp
2022-01-19 11:54:53,064 - root - DEBUG - Entering PID update with parameters SetPoint:59.11, ProcValue:62.14, IMax:100.00, IMin:0.00,
2022-01-19 11:54:53,064 - root - DEBUG -   Window:30, Kp: 30.000, Ki: 1.000, Kd: 0.600
2022-01-19 11:54:53,064 - root - DEBUG - Exiting PID update with parameters Error:-3.03, ITerm:0.00, DInput:1.47, Output:0.00
2022-01-19 11:54:53,065 - root - DEBUG - RunID 56, Segment 1 (loop 30) - RunState:Ramp,
                       ReadTmp:62.14, RampTmp:59.11, TargetTmp:945.00,
                       Output:0.00, CycleOnSec:0.00, RemainTime:5:13:09
                    
2022-01-19 11:54:53,065 - root - DEBUG - ==>Relay Off
2022-01-19 11:54:53,065 - root - DEBUG - Writing stats to Firing DB table...
2022-01-19 11:54:53,081 - root - INFO - database writing complete1
2022-01-19 11:54:53,081 - root - INFO - RunState end: Ramp
2022-01-19 11:55:23,063 - root - DEBUG - Entering PID update with parameters SetPoint:60.53, ProcValue:63.48, IMax:100.00, IMin:0.00,
2022-01-19 11:55:23,063 - root - DEBUG -   Window:30, Kp: 30.000, Ki: 1.000, Kd: 0.600
2022-01-19 11:55:23,063 - root - DEBUG - Exiting PID update with parameters Error:-2.96, ITerm:0.00, DInput:1.34, Output:0.00
2022-01-19 11:55:23,064 - root - DEBUG - RunID 56, Segment 1 (loop 31) - RunState:Ramp,
                       ReadTmp:63.48, RampTmp:60.53, TargetTmp:945.00,
                       Output:0.00, CycleOnSec:0.00, RemainTime:5:12:39
                    
2022-01-19 11:55:23,064 - root - DEBUG - ==>Relay Off
2022-01-19 11:55:23,064 - root - DEBUG - Writing stats to Firing DB table...
2022-01-19 11:55:23,079 - root - INFO - database writing complete1
2022-01-19 11:55:23,080 - root - INFO - RunState end: Ramp
2022-01-19 11:55:53,063 - root - DEBUG - Entering PID update with parameters SetPoint:61.94, ProcValue:64.47, IMax:100.00, IMin:0.00,
2022-01-19 11:55:53,064 - root - DEBUG -   Window:30, Kp: 30.000, Ki: 1.000, Kd: 0.600
2022-01-19 11:55:53,064 - root - DEBUG - Exiting PID update with parameters Error:-2.53, ITerm:0.00, DInput:0.98, Output:0.00
2022-01-19 11:55:53,064 - root - DEBUG - RunID 56, Segment 1 (loop 32) - RunState:Ramp,
                       ReadTmp:64.47, RampTmp:61.94, TargetTmp:945.00,
                       Output:0.00, CycleOnSec:0.00, RemainTime:5:12:09
                    
2022-01-19 11:55:53,064 - root - DEBUG - ==>Relay Off
2022-01-19 11:55:53,065 - root - DEBUG - Writing stats to Firing DB table...
2022-01-19 11:55:53,080 - root - INFO - database writing complete1
2022-01-19 11:55:53,081 - root - INFO - RunState end: Ramp
2022-01-19 11:56:23,067 - root - DEBUG - Entering PID update with parameters SetPoint:63.36, ProcValue:65.26, IMax:100.00, IMin:0.00,
2022-01-19 11:56:23,067 - root - DEBUG -   Window:30, Kp: 30.000, Ki: 1.000, Kd: 0.600
2022-01-19 11:56:23,068 - root - DEBUG - Exiting PID update with parameters Error:-1.90, ITerm:0.00, DInput:0.79, Output:0.00
2022-01-19 11:56:23,068 - root - DEBUG - RunID 56, Segment 1 (loop 33) - RunState:Ramp,
                       ReadTmp:65.26, RampTmp:63.36, TargetTmp:945.00,
                       Output:0.00, CycleOnSec:0.00, RemainTime:5:11:39
                    
2022-01-19 11:56:23,068 - root - DEBUG - ==>Relay Off
2022-01-19 11:56:23,069 - root - DEBUG - Writing stats to Firing DB table...
2022-01-19 11:56:23,084 - root - INFO - database writing complete1
2022-01-19 11:56:23,085 - root - INFO - RunState end: Ramp
2022-01-19 11:56:53,065 - root - DEBUG - Entering PID update with parameters SetPoint:64.78, ProcValue:65.81, IMax:100.00, IMin:0.00,
2022-01-19 11:56:53,065 - root - DEBUG -   Window:30, Kp: 30.000, Ki: 1.000, Kd: 0.600
2022-01-19 11:56:53,065 - root - DEBUG - Exiting PID update with parameters Error:-1.04, ITerm:0.00, DInput:0.55, Output:0.00
2022-01-19 11:56:53,065 - root - DEBUG - RunID 56, Segment 1 (loop 34) - RunState:Ramp,
                       ReadTmp:65.81, RampTmp:64.78, TargetTmp:945.00,
                       Output:0.00, CycleOnSec:0.00, RemainTime:5:11:09
                    
2022-01-19 11:56:53,065 - root - DEBUG - ==>Relay Off
2022-01-19 11:56:53,066 - root - DEBUG - Writing stats to Firing DB table...
2022-01-19 11:56:53,081 - root - INFO - database writing complete1
2022-01-19 11:56:53,081 - root - INFO - RunState end: Ramp
2022-01-19 11:57:23,065 - root - DEBUG - Entering PID update with parameters SetPoint:66.19, ProcValue:66.16, IMax:100.00, IMin:0.00,
2022-01-19 11:57:23,066 - root - DEBUG -   Window:30, Kp: 30.000, Ki: 1.000, Kd: 0.600
2022-01-19 11:57:23,066 - root - DEBUG - Exiting PID update with parameters Error:0.03, ITerm:0.03, DInput:0.35, Output:0.68
2022-01-19 11:57:23,066 - root - DEBUG - RunID 56, Segment 1 (loop 35) - RunState:Ramp,
                       ReadTmp:66.16, RampTmp:66.19, TargetTmp:945.00,
                       Output:0.68, CycleOnSec:0.20, RemainTime:5:10:39
                    
2022-01-19 11:57:23,066 - root - DEBUG - ==>Relay On
2022-01-19 11:57:23,270 - root - DEBUG - ==>Relay Off
2022-01-19 11:57:23,271 - root - DEBUG - Writing stats to Firing DB table...
2022-01-19 11:57:23,287 - root - INFO - database writing complete1
2022-01-19 11:57:23,287 - root - INFO - RunState end: Ramp
2022-01-19 11:57:53,063 - root - DEBUG - Entering PID update with parameters SetPoint:67.61, ProcValue:66.41, IMax:100.00, IMin:0.00,
2022-01-19 11:57:53,064 - root - DEBUG -   Window:30, Kp: 30.000, Ki: 1.000, Kd: 0.600
2022-01-19 11:57:53,064 - root - DEBUG - Exiting PID update with parameters Error:1.20, ITerm:1.23, DInput:0.24, Output:37.18
2022-01-19 11:57:53,064 - root - DEBUG - RunID 56, Segment 1 (loop 36) - RunState:Ramp,
                       ReadTmp:66.41, RampTmp:67.61, TargetTmp:945.00,
                       Output:37.18, CycleOnSec:11.15, RemainTime:5:10:09
                    
2022-01-19 11:57:53,064 - root - DEBUG - ==>Relay On
2022-01-19 11:58:04,229 - root - DEBUG - ==>Relay Off
2022-01-19 11:58:04,231 - root - DEBUG - Writing stats to Firing DB table...
2022-01-19 11:58:04,247 - root - INFO - database writing complete1
2022-01-19 11:58:04,248 - root - INFO - RunState end: Ramp
2022-01-19 11:58:23,063 - root - DEBUG - Entering PID update with parameters SetPoint:69.03, ProcValue:66.69, IMax:100.00, IMin:0.00,
2022-01-19 11:58:23,064 - root - DEBUG -   Window:30, Kp: 30.000, Ki: 1.000, Kd: 0.600
2022-01-19 11:58:23,064 - root - DEBUG - Exiting PID update with parameters Error:2.34, ITerm:3.57, DInput:0.28, Output:73.56
2022-01-19 11:58:23,064 - root - DEBUG - RunID 56, Segment 1 (loop 37) - RunState:Ramp,
                       ReadTmp:66.69, RampTmp:69.03, TargetTmp:945.00,
                       Output:73.56, CycleOnSec:22.07, RemainTime:5:09:39
                    
2022-01-19 11:58:23,064 - root - DEBUG - ==>Relay On
2022-01-19 11:58:45,154 - root - DEBUG - ==>Relay Off
2022-01-19 11:58:45,155 - root - DEBUG - Writing stats to Firing DB table...
2022-01-19 11:58:45,170 - root - INFO - database writing complete1
2022-01-19 11:58:45,171 - root - INFO - RunState end: Ramp
2022-01-19 11:58:53,064 - root - DEBUG - Entering PID update with parameters SetPoint:70.44, ProcValue:67.73, IMax:100.00, IMin:0.00,
2022-01-19 11:58:53,064 - root - DEBUG -   Window:30, Kp: 30.000, Ki: 1.000, Kd: 0.600
2022-01-19 11:58:53,064 - root - DEBUG - Exiting PID update with parameters Error:2.72, ITerm:6.29, DInput:1.04, Output:87.15
2022-01-19 11:58:53,064 - root - DEBUG - RunID 56, Segment 1 (loop 38) - RunState:Ramp,
                       ReadTmp:67.73, RampTmp:70.44, TargetTmp:945.00,
                       Output:87.15, CycleOnSec:26.14, RemainTime:5:09:09
                    
2022-01-19 11:58:53,064 - root - DEBUG - ==>Relay On
2022-01-19 11:59:19,232 - root - DEBUG - ==>Relay Off
2022-01-19 11:59:19,233 - root - DEBUG - Writing stats to Firing DB table...
2022-01-19 11:59:19,247 - root - INFO - database writing complete1
2022-01-19 11:59:19,247 - root - INFO - RunState end: Ramp
2022-01-19 11:59:23,064 - root - DEBUG - Entering PID update with parameters SetPoint:71.86, ProcValue:70.17, IMax:100.00, IMin:0.00,
2022-01-19 11:59:23,064 - root - DEBUG -   Window:30, Kp: 30.000, Ki: 1.000, Kd: 0.600
2022-01-19 11:59:23,064 - root - DEBUG - Exiting PID update with parameters Error:1.69, ITerm:7.97, DInput:2.45, Output:57.13
2022-01-19 11:59:23,065 - root - DEBUG - RunID 56, Segment 1 (loop 39) - RunState:Ramp,
                       ReadTmp:70.17, RampTmp:71.86, TargetTmp:945.00,
                       Output:57.13, CycleOnSec:17.14, RemainTime:5:08:39
                    
2022-01-19 11:59:23,065 - root - DEBUG - ==>Relay On
2022-01-19 11:59:40,222 - root - DEBUG - ==>Relay Off
2022-01-19 11:59:40,223 - root - DEBUG - Writing stats to Firing DB table...
2022-01-19 11:59:40,242 - root - INFO - database writing complete1
2022-01-19 11:59:40,242 - root - INFO - RunState end: Ramp
2022-01-19 11:59:53,063 - root - DEBUG - Entering PID update with parameters SetPoint:73.28, ProcValue:73.55, IMax:100.00, IMin:0.00,
2022-01-19 11:59:53,063 - root - DEBUG -   Window:30, Kp: 30.000, Ki: 1.000, Kd: 0.600
2022-01-19 11:59:53,063 - root - DEBUG - Exiting PID update with parameters Error:-0.28, ITerm:7.70, DInput:3.38, Output:0.00
2022-01-19 11:59:53,064 - root - DEBUG - RunID 56, Segment 1 (loop 40) - RunState:Ramp,
                       ReadTmp:73.55, RampTmp:73.28, TargetTmp:945.00,
                       Output:0.00, CycleOnSec:0.00, RemainTime:5:08:09
                    
2022-01-19 11:59:53,064 - root - DEBUG - ==>Relay Off
2022-01-19 11:59:53,064 - root - DEBUG - Writing stats to Firing DB table...
2022-01-19 11:59:53,089 - root - INFO - database writing complete1
2022-01-19 11:59:53,089 - root - INFO - RunState end: Ramp
2022-01-19 12:00:23,064 - root - DEBUG - Entering PID update with parameters SetPoint:74.69, ProcValue:75.84, IMax:100.00, IMin:0.00,
2022-01-19 12:00:23,064 - root - DEBUG -   Window:30, Kp: 30.000, Ki: 1.000, Kd: 0.600
2022-01-19 12:00:23,065 - root - DEBUG - Exiting PID update with parameters Error:-1.15, ITerm:6.54, DInput:2.29, Output:0.00
2022-01-19 12:00:23,065 - root - DEBUG - RunID 56, Segment 1 (loop 41) - RunState:Ramp,
                       ReadTmp:75.84, RampTmp:74.69, TargetTmp:945.00,
                       Output:0.00, CycleOnSec:0.00, RemainTime:5:07:39
                    
2022-01-19 12:00:23,065 - root - DEBUG - ==>Relay Off
2022-01-19 12:00:23,065 - root - DEBUG - Writing stats to Firing DB table...
2022-01-19 12:00:23,080 - root - INFO - database writing complete1
2022-01-19 12:00:23,080 - root - INFO - RunState end: Ramp
2022-01-19 12:00:53,064 - root - DEBUG - Entering PID update with parameters SetPoint:76.11, ProcValue:77.69, IMax:100.00, IMin:0.00,
2022-01-19 12:00:53,064 - root - DEBUG -   Window:30, Kp: 30.000, Ki: 1.000, Kd: 0.600
2022-01-19 12:00:53,064 - root - DEBUG - Exiting PID update with parameters Error:-1.58, ITerm:4.97, DInput:1.84, Output:0.00
2022-01-19 12:00:53,064 - root - DEBUG - RunID 56, Segment 1 (loop 42) - RunState:Ramp,
                       ReadTmp:77.69, RampTmp:76.11, TargetTmp:945.00,
                       Output:0.00, CycleOnSec:0.00, RemainTime:5:07:09
                    
2022-01-19 12:00:53,064 - root - DEBUG - ==>Relay Off
2022-01-19 12:00:53,065 - root - DEBUG - Writing stats to Firing DB table...
2022-01-19 12:00:53,078 - root - INFO - database writing complete1
2022-01-19 12:00:53,079 - root - INFO - RunState end: Ramp
2022-01-19 12:01:23,063 - root - DEBUG - Entering PID update with parameters SetPoint:77.53, ProcValue:79.38, IMax:100.00, IMin:0.00,
2022-01-19 12:01:23,063 - root - DEBUG -   Window:30, Kp: 30.000, Ki: 1.000, Kd: 0.600
2022-01-19 12:01:23,063 - root - DEBUG - Exiting PID update with parameters Error:-1.85, ITerm:3.12, DInput:1.69, Output:0.00
2022-01-19 12:01:23,064 - root - DEBUG - RunID 56, Segment 1 (loop 43) - RunState:Ramp,
                       ReadTmp:79.38, RampTmp:77.53, TargetTmp:945.00,
                       Output:0.00, CycleOnSec:0.00, RemainTime:5:06:39
                    
2022-01-19 12:01:23,064 - root - DEBUG - ==>Relay Off
2022-01-19 12:01:23,064 - root - DEBUG - Writing stats to Firing DB table...
2022-01-19 12:01:23,078 - root - INFO - database writing complete1
2022-01-19 12:01:23,079 - root - INFO - RunState end: Ramp
2022-01-19 12:01:53,073 - root - DEBUG - Entering PID update with parameters SetPoint:78.94, ProcValue:80.91, IMax:100.00, IMin:0.00,
2022-01-19 12:01:53,073 - root - DEBUG -   Window:30, Kp: 30.000, Ki: 1.000, Kd: 0.600
2022-01-19 12:01:53,074 - root - DEBUG - Exiting PID update with parameters Error:-1.97, ITerm:1.15, DInput:1.54, Output:0.00
2022-01-19 12:01:53,074 - root - DEBUG - RunID 56, Segment 1 (loop 44) - RunState:Ramp,
                       ReadTmp:80.91, RampTmp:78.94, TargetTmp:945.00,
                       Output:0.00, CycleOnSec:0.00, RemainTime:5:06:09
                    
2022-01-19 12:01:53,074 - root - DEBUG - ==>Relay Off
2022-01-19 12:01:53,074 - root - DEBUG - Writing stats to Firing DB table...
2022-01-19 12:01:53,091 - root - INFO - database writing complete1
2022-01-19 12:01:53,091 - root - INFO - RunState end: Ramp
2022-01-19 12:02:23,068 - root - DEBUG - Entering PID update with parameters SetPoint:80.36, ProcValue:81.99, IMax:100.00, IMin:0.00,
2022-01-19 12:02:23,068 - root - DEBUG -   Window:30, Kp: 30.000, Ki: 1.000, Kd: 0.600
2022-01-19 12:02:23,068 - root - DEBUG - Exiting PID update with parameters Error:-1.63, ITerm:0.00, DInput:1.08, Output:0.00
2022-01-19 12:02:23,068 - root - DEBUG - RunID 56, Segment 1 (loop 45) - RunState:Ramp,
                       ReadTmp:81.99, RampTmp:80.36, TargetTmp:945.00,
                       Output:0.00, CycleOnSec:0.00, RemainTime:5:05:39
                    
2022-01-19 12:02:23,068 - root - DEBUG - ==>Relay Off
2022-01-19 12:02:23,069 - root - DEBUG - Writing stats to Firing DB table...
2022-01-19 12:02:23,112 - root - INFO - database writing complete1
2022-01-19 12:02:23,113 - root - INFO - RunState end: Ramp
2022-01-19 12:02:53,065 - root - DEBUG - Entering PID update with parameters SetPoint:81.78, ProcValue:82.88, IMax:100.00, IMin:0.00,
2022-01-19 12:02:53,065 - root - DEBUG -   Window:30, Kp: 30.000, Ki: 1.000, Kd: 0.600
2022-01-19 12:02:53,065 - root - DEBUG - Exiting PID update with parameters Error:-1.10, ITerm:0.00, DInput:0.88, Output:0.00
2022-01-19 12:02:53,065 - root - DEBUG - RunID 56, Segment 1 (loop 46) - RunState:Ramp,
                       ReadTmp:82.88, RampTmp:81.78, TargetTmp:945.00,
                       Output:0.00, CycleOnSec:0.00, RemainTime:5:05:09
                    
2022-01-19 12:02:53,065 - root - DEBUG - ==>Relay Off
2022-01-19 12:02:53,066 - root - DEBUG - Writing stats to Firing DB table...
2022-01-19 12:02:53,081 - root - INFO - database writing complete1
2022-01-19 12:02:53,081 - root - INFO - RunState end: Ramp
2022-01-19 12:03:23,064 - root - DEBUG - Entering PID update with parameters SetPoint:83.19, ProcValue:83.53, IMax:100.00, IMin:0.00,
2022-01-19 12:03:23,064 - root - DEBUG -   Window:30, Kp: 30.000, Ki: 1.000, Kd: 0.600
2022-01-19 12:03:23,064 - root - DEBUG - Exiting PID update with parameters Error:-0.34, ITerm:0.00, DInput:0.66, Output:0.00
2022-01-19 12:03:23,065 - root - DEBUG - RunID 56, Segment 1 (loop 47) - RunState:Ramp,
                       ReadTmp:83.53, RampTmp:83.19, TargetTmp:945.00,
                       Output:0.00, CycleOnSec:0.00, RemainTime:5:04:39
                    
2022-01-19 12:03:23,065 - root - DEBUG - ==>Relay Off
2022-01-19 12:03:23,065 - root - DEBUG - Writing stats to Firing DB table...
2022-01-19 12:03:23,079 - root - INFO - database writing complete1
2022-01-19 12:03:23,079 - root - INFO - RunState end: Ramp
2022-01-19 12:03:53,067 - root - DEBUG - Entering PID update with parameters SetPoint:84.61, ProcValue:83.99, IMax:100.00, IMin:0.00,
2022-01-19 12:03:53,067 - root - DEBUG -   Window:30, Kp: 30.000, Ki: 1.000, Kd: 0.600
2022-01-19 12:03:53,067 - root - DEBUG - Exiting PID update with parameters Error:0.62, ITerm:0.62, DInput:0.46, Output:18.86
2022-01-19 12:03:53,068 - root - DEBUG - RunID 56, Segment 1 (loop 48) - RunState:Ramp,
                       ReadTmp:83.99, RampTmp:84.61, TargetTmp:945.00,
                       Output:18.86, CycleOnSec:5.66, RemainTime:5:04:09
                    
2022-01-19 12:03:53,068 - root - DEBUG - ==>Relay On
2022-01-19 12:03:58,730 - root - DEBUG - ==>Relay Off
2022-01-19 12:03:58,731 - root - DEBUG - Writing stats to Firing DB table...
2022-01-19 12:03:58,746 - root - INFO - database writing complete1
2022-01-19 12:03:58,747 - root - INFO - RunState end: Ramp
2022-01-19 12:04:23,064 - root - DEBUG - Entering PID update with parameters SetPoint:86.03, ProcValue:84.34, IMax:100.00, IMin:0.00,
2022-01-19 12:04:23,064 - root - DEBUG -   Window:30, Kp: 30.000, Ki: 1.000, Kd: 0.600
2022-01-19 12:04:23,064 - root - DEBUG - Exiting PID update with parameters Error:1.68, ITerm:2.30, DInput:0.35, Output:52.56
2022-01-19 12:04:23,064 - root - DEBUG - RunID 56, Segment 1 (loop 49) - RunState:Ramp,
                       ReadTmp:84.34, RampTmp:86.03, TargetTmp:945.00,
                       Output:52.56, CycleOnSec:15.77, RemainTime:5:03:39
                    
2022-01-19 12:04:23,065 - root - DEBUG - ==>Relay On
2022-01-19 12:04:38,848 - root - DEBUG - ==>Relay Off
2022-01-19 12:04:38,849 - root - DEBUG - Writing stats to Firing DB table...
2022-01-19 12:04:38,865 - root - INFO - database writing complete1
2022-01-19 12:04:38,866 - root - INFO - RunState end: Ramp
2022-01-19 12:04:53,065 - root - DEBUG - Entering PID update with parameters SetPoint:87.44, ProcValue:84.98, IMax:100.00, IMin:0.00,
2022-01-19 12:04:53,065 - root - DEBUG -   Window:30, Kp: 30.000, Ki: 1.000, Kd: 0.600
2022-01-19 12:04:53,065 - root - DEBUG - Exiting PID update with parameters Error:2.47, ITerm:4.77, DInput:0.63, Output:78.37
2022-01-19 12:04:53,065 - root - DEBUG - RunID 56, Segment 1 (loop 50) - RunState:Ramp,
                       ReadTmp:84.98, RampTmp:87.44, TargetTmp:945.00,
                       Output:78.37, CycleOnSec:23.51, RemainTime:5:03:09
                    
2022-01-19 12:04:53,065 - root - DEBUG - ==>Relay On
2022-01-19 12:05:16,595 - root - DEBUG - ==>Relay Off
2022-01-19 12:05:16,597 - root - DEBUG - Writing stats to Firing DB table...
2022-01-19 12:05:16,616 - root - INFO - database writing complete1
2022-01-19 12:05:16,617 - root - INFO - RunState end: Ramp
2022-01-19 12:05:23,064 - root - DEBUG - Entering PID update with parameters SetPoint:88.86, ProcValue:86.62, IMax:100.00, IMin:0.00,
2022-01-19 12:05:23,064 - root - DEBUG -   Window:30, Kp: 30.000, Ki: 1.000, Kd: 0.600
2022-01-19 12:05:23,065 - root - DEBUG - Exiting PID update with parameters Error:2.24, ITerm:7.01, DInput:1.64, Output:73.29
2022-01-19 12:05:23,065 - root - DEBUG - RunID 56, Segment 1 (loop 51) - RunState:Ramp,
                       ReadTmp:86.62, RampTmp:88.86, TargetTmp:945.00,
                       Output:73.29, CycleOnSec:21.99, RemainTime:5:02:39
                    
2022-01-19 12:05:23,065 - root - DEBUG - ==>Relay On
2022-01-19 12:05:45,072 - root - DEBUG - ==>Relay Off
2022-01-19 12:05:45,076 - root - DEBUG - Writing stats to Firing DB table...
2022-01-19 12:05:45,094 - root - INFO - database writing complete1
2022-01-19 12:05:45,095 - root - INFO - RunState end: Ramp
2022-01-19 12:05:53,063 - root - DEBUG - Entering PID update with parameters SetPoint:90.28, ProcValue:89.58, IMax:100.00, IMin:0.00,
2022-01-19 12:05:53,063 - root - DEBUG -   Window:30, Kp: 30.000, Ki: 1.000, Kd: 0.600
2022-01-19 12:05:53,063 - root - DEBUG - Exiting PID update with parameters Error:0.70, ITerm:7.71, DInput:2.96, Output:26.87
2022-01-19 12:05:53,064 - root - DEBUG - RunID 56, Segment 1 (loop 52) - RunState:Ramp,
                       ReadTmp:89.58, RampTmp:90.28, TargetTmp:945.00,
                       Output:26.87, CycleOnSec:8.06, RemainTime:5:02:09
                    
2022-01-19 12:05:53,064 - root - DEBUG - ==>Relay On
2022-01-19 12:06:01,132 - root - DEBUG - ==>Relay Off
2022-01-19 12:06:01,133 - root - DEBUG - Writing stats to Firing DB table...
2022-01-19 12:06:01,147 - root - INFO - database writing complete1
2022-01-19 12:06:01,147 - root - INFO - RunState end: Ramp
2022-01-19 12:06:23,063 - root - DEBUG - Entering PID update with parameters SetPoint:91.69, ProcValue:92.34, IMax:100.00, IMin:0.00,
2022-01-19 12:06:23,063 - root - DEBUG -   Window:30, Kp: 30.000, Ki: 1.000, Kd: 0.600
2022-01-19 12:06:23,063 - root - DEBUG - Exiting PID update with parameters Error:-0.64, ITerm:7.06, DInput:2.76, Output:0.00
2022-01-19 12:06:23,063 - root - DEBUG - RunID 56, Segment 1 (loop 53) - RunState:Ramp,
                       ReadTmp:92.34, RampTmp:91.69, TargetTmp:945.00,
                       Output:0.00, CycleOnSec:0.00, RemainTime:5:01:39
                    
2022-01-19 12:06:23,064 - root - DEBUG - ==>Relay Off
2022-01-19 12:06:23,064 - root - DEBUG - Writing stats to Firing DB table...
2022-01-19 12:06:23,080 - root - INFO - database writing complete1
2022-01-19 12:06:23,081 - root - INFO - RunState end: Ramp
2022-01-19 12:06:53,066 - root - DEBUG - Entering PID update with parameters SetPoint:93.11, ProcValue:94.22, IMax:100.00, IMin:0.00,
2022-01-19 12:06:53,066 - root - DEBUG -   Window:30, Kp: 30.000, Ki: 1.000, Kd: 0.600
2022-01-19 12:06:53,067 - root - DEBUG - Exiting PID update with parameters Error:-1.11, ITerm:5.95, DInput:1.88, Output:0.00
2022-01-19 12:06:53,067 - root - DEBUG - RunID 56, Segment 1 (loop 54) - RunState:Ramp,
                       ReadTmp:94.22, RampTmp:93.11, TargetTmp:945.00,
                       Output:0.00, CycleOnSec:0.00, RemainTime:5:01:09
                    
2022-01-19 12:06:53,067 - root - DEBUG - ==>Relay Off
2022-01-19 12:06:53,068 - root - DEBUG - Writing stats to Firing DB table...
2022-01-19 12:06:53,083 - root - INFO - database writing complete1
2022-01-19 12:06:53,083 - root - WARNING - Profile no longer in running state - exiting firing
2022-01-19 12:06:53,083 - root - INFO - RunState end: Stopped
2022-01-19 12:06:53,083 - root - DEBUG - Update run id 56,
                                   segment 1 end time to 2022-01-19 12:06:53
                                
2022-01-19 12:06:53,084 - root - DEBUG - Update run id 56,
                                   segment 1 end time to 2022-01-19 12:06:53
                                
2022-01-19 12:06:53,084 - root - INFO - Segment 1 Complete
2022-01-19 12:06:53,092 - root - INFO - SegCompStat 1
2022-01-19 12:06:53,092 - root - INFO - segment is 2 start time is None endtime is None
2022-01-19 12:06:53,611 - root - INFO - Entering Fire function with parameters RunID:56, Seg:2,
              TargetTmp:1044, Rate:60, HoldMin:15, Window:10
           
2022-01-19 12:06:54,378 - root - INFO - First pass of firing loop - TargetTmp:1044.00,
                          StartTmp:94.33,RampTmp:94.49, TmpDif:949.67,
                          RampMin:949.67, Steps:5698, StepTmp:0.17,
                          Window:10, StartSec:1642615614, EndSec:1642673494
                       
2022-01-19 12:06:54,379 - root - DEBUG - Entering PID update with parameters SetPoint:94.49, ProcValue:94.33, IMax:100.00, IMin:0.00,
2022-01-19 12:06:54,379 - root - DEBUG -   Window:10, Kp: 30.000, Ki: 1.000, Kd: 0.600
2022-01-19 12:06:54,379 - root - DEBUG - Exiting PID update with parameters Error:0.17, ITerm:6.12, DInput:0.11, Output:11.05
2022-01-19 12:06:54,380 - root - DEBUG - RunID 56, Segment 2 (loop 1) - RunState:Ramp,
                       ReadTmp:94.33, RampTmp:94.49, TargetTmp:1044.00,
                       Output:11.05, CycleOnSec:1.11, RemainTime:16:04:40
                    
2022-01-19 12:06:54,380 - root - DEBUG - ==>Relay On
2022-01-19 12:06:55,487 - root - DEBUG - ==>Relay Off
2022-01-19 12:06:55,487 - root - DEBUG - Writing stats to Firing DB table...
2022-01-19 12:06:55,537 - root - INFO - database writing complete1
2022-01-19 12:06:55,537 - root - WARNING - Profile no longer in running state - exiting firing
2022-01-19 12:06:55,537 - root - INFO - RunState end: Stopped
2022-01-19 12:06:55,538 - root - DEBUG - Update run id 56,
                                   segment 2 end time to 2022-01-19 12:06:55
                                
2022-01-19 12:06:55,538 - root - DEBUG - Update run id 56,
                                   segment 2 end time to 2022-01-19 12:06:55
                                
2022-01-19 12:06:55,538 - root - INFO - Segment 2 Complete
2022-01-19 12:06:55,550 - root - INFO - SegCompStat 1
2022-01-19 12:06:55,551 - root - INFO - Polling for 'Running' firing profiles...
